Archive member included to satisfy reference by file (symbol)

/home/alfa/PS4SDK/libPS4/libPS4.a(module.o)
                              build/main.o (getFunctionAddressByName)
/home/alfa/PS4SDK/libPS4/libPS4.a(libc.o)
                              build/main.o (initLibc)
/home/alfa/PS4SDK/libPS4/libPS4.a(kernel.o)
                              build/main.o (kexec)
/home/alfa/PS4SDK/libPS4/libPS4.a(syscall.o)
                              /home/alfa/PS4SDK/libPS4/libPS4.a(module.o) (syscall)

Merging program properties

Removed property 0xc0000002 to merge build/gta.o (0x3) and /tmp/cci50WhU.o (not found)
Removed property 0xc0000002 to merge build/gta.o (not found) and build/kern.o (0x3)
Removed property 0xc0000002 to merge build/gta.o (not found) and build/main.o (0x3)
Removed property 0xc0000002 to merge build/gta.o (not found) and build/proc.o (0x3)
Removed property 0xc0000002 to merge build/gta.o (not found) and /home/alfa/PS4SDK/libPS4/libPS4.a(module.o) (0x3)
Removed property 0xc0000002 to merge build/gta.o (not found) and /home/alfa/PS4SDK/libPS4/libPS4.a(libc.o) (0x3)
Removed property 0xc0000002 to merge build/gta.o (not found) and /home/alfa/PS4SDK/libPS4/libPS4.a(kernel.o) (0x3)

Allocating common symbols
Common symbol       size              file

strcpy              0x8               /home/alfa/PS4SDK/libPS4/libPS4.a(libc.o)
asctime             0x8               /home/alfa/PS4SDK/libPS4/libPS4.a(libc.o)
sceKernelGettimeofday
                    0x8               /home/alfa/PS4SDK/libPS4/libPS4.a(kernel.o)
sceSysmoduleLoadModule
                    0x8               /home/alfa/PS4SDK/libPS4/libPS4.a(module.o)
getgid              0x8               /home/alfa/PS4SDK/libPS4/libPS4.a(kernel.o)
strerror            0x8               /home/alfa/PS4SDK/libPS4/libPS4.a(libc.o)
snprintf            0x8               /home/alfa/PS4SDK/libPS4/libPS4.a(libc.o)
libKernelHandle     0x4               /home/alfa/PS4SDK/libPS4/libPS4.a(kernel.o)
__stack_chk_guard   0x8               /home/alfa/PS4SDK/libPS4/libPS4.a(kernel.o)
sceKernelGetDirectMemorySize
                    0x8               /home/alfa/PS4SDK/libPS4/libPS4.a(kernel.o)
ceil                0x8               build/main.o
execve              0x8               /home/alfa/PS4SDK/libPS4/libPS4.a(kernel.o)
getpid              0x8               /home/alfa/PS4SDK/libPS4/libPS4.a(kernel.o)
sceKernelSleep      0x8               /home/alfa/PS4SDK/libPS4/libPS4.a(kernel.o)
memcpy              0x8               /home/alfa/PS4SDK/libPS4/libPS4.a(libc.o)
sceKernelGetCurrentCpu
                    0x8               /home/alfa/PS4SDK/libPS4/libPS4.a(kernel.o)
seekdir             0x8               /home/alfa/PS4SDK/libPS4/libPS4.a(libc.o)
sceKernelDeleteEqueue
                    0x8               /home/alfa/PS4SDK/libPS4/libPS4.a(kernel.o)
getuid              0x8               /home/alfa/PS4SDK/libPS4/libPS4.a(kernel.o)
rewinddir           0x8               /home/alfa/PS4SDK/libPS4/libPS4.a(libc.o)
malloc              0x8               /home/alfa/PS4SDK/libPS4/libPS4.a(libc.o)
readdir_r           0x8               /home/alfa/PS4SDK/libPS4/libPS4.a(libc.o)
getprogname         0x8               /home/alfa/PS4SDK/libPS4/libPS4.a(libc.o)
readdir             0x8               /home/alfa/PS4SDK/libPS4/libPS4.a(libc.o)
sceSysUtilSendSystemNotificationWithText
                    0x8               build/main.o
__stack_chk_fail    0x8               /home/alfa/PS4SDK/libPS4/libPS4.a(kernel.o)
sceKernelMapDirectMemory
                    0x8               /home/alfa/PS4SDK/libPS4/libPS4.a(kernel.o)
sysarch             0x8               /home/alfa/PS4SDK/libPS4/libPS4.a(kernel.o)
strrchr             0x8               /home/alfa/PS4SDK/libPS4/libPS4.a(libc.o)
calloc              0x8               /home/alfa/PS4SDK/libPS4/libPS4.a(libc.o)
rindex              0x8               /home/alfa/PS4SDK/libPS4/libPS4.a(libc.o)
sceKernelError      0x8               /home/alfa/PS4SDK/libPS4/libPS4.a(kernel.o)
_Getpctype          0x8               /home/alfa/PS4SDK/libPS4/libPS4.a(libc.o)
sysctl              0x8               /home/alfa/PS4SDK/libPS4/libPS4.a(kernel.o)
fprintf             0x8               /home/alfa/PS4SDK/libPS4/libPS4.a(libc.o)
ctime               0x8               /home/alfa/PS4SDK/libPS4/libPS4.a(libc.o)
sceKernelRead       0x8               /home/alfa/PS4SDK/libPS4/libPS4.a(kernel.o)
strcat              0x8               /home/alfa/PS4SDK/libPS4/libPS4.a(libc.o)
setregid            0x8               /home/alfa/PS4SDK/libPS4/libPS4.a(kernel.o)
fseek               0x8               /home/alfa/PS4SDK/libPS4/libPS4.a(libc.o)
mktime              0x8               /home/alfa/PS4SDK/libPS4/libPS4.a(libc.o)
strstr              0x8               /home/alfa/PS4SDK/libPS4/libPS4.a(libc.o)
__error             0x8               /home/alfa/PS4SDK/libPS4/libPS4.a(kernel.o)
rand                0x8               /home/alfa/PS4SDK/libPS4/libPS4.a(libc.o)
setgid              0x8               /home/alfa/PS4SDK/libPS4/libPS4.a(kernel.o)
dirfd               0x8               /home/alfa/PS4SDK/libPS4/libPS4.a(libc.o)
sceKernelLseek      0x8               /home/alfa/PS4SDK/libPS4/libPS4.a(kernel.o)
sceKernelStat       0x8               /home/alfa/PS4SDK/libPS4/libPS4.a(kernel.o)
strlcpy             0x8               /home/alfa/PS4SDK/libPS4/libPS4.a(libc.o)
strncmp             0x8               /home/alfa/PS4SDK/libPS4/libPS4.a(libc.o)
sceKernelLoadStartModule
                    0x8               /home/alfa/PS4SDK/libPS4/libPS4.a(kernel.o)
strncpy             0x8               /home/alfa/PS4SDK/libPS4/libPS4.a(libc.o)
realloc             0x8               /home/alfa/PS4SDK/libPS4/libPS4.a(libc.o)
bcopy               0x8               /home/alfa/PS4SDK/libPS4/libPS4.a(libc.o)
memcmp              0x8               /home/alfa/PS4SDK/libPS4/libPS4.a(libc.o)
sceKernelClose      0x8               /home/alfa/PS4SDK/libPS4/libPS4.a(kernel.o)
sscanf              0x8               /home/alfa/PS4SDK/libPS4/libPS4.a(libc.o)
strncat             0x8               /home/alfa/PS4SDK/libPS4/libPS4.a(libc.o)
fread               0x8               /home/alfa/PS4SDK/libPS4/libPS4.a(libc.o)
_Stoul              0x8               /home/alfa/PS4SDK/libPS4/libPS4.a(libc.o)
pthread_setaffinity_np
                    0x8               /home/alfa/PS4SDK/libPS4/libPS4.a(kernel.o)
strdup              0x8               /home/alfa/PS4SDK/libPS4/libPS4.a(libc.o)
index               0x8               /home/alfa/PS4SDK/libPS4/libPS4.a(libc.o)
fopen               0x8               /home/alfa/PS4SDK/libPS4/libPS4.a(libc.o)
sceKernelGetProcessTime
                    0x8               /home/alfa/PS4SDK/libPS4/libPS4.a(kernel.o)
asctime_r           0x8               /home/alfa/PS4SDK/libPS4/libPS4.a(libc.o)
setreuid            0x8               /home/alfa/PS4SDK/libPS4/libPS4.a(kernel.o)
localtime           0x8               /home/alfa/PS4SDK/libPS4/libPS4.a(libc.o)
memset              0x8               /home/alfa/PS4SDK/libPS4/libPS4.a(libc.o)
ftell               0x8               /home/alfa/PS4SDK/libPS4/libPS4.a(libc.o)
srand               0x8               /home/alfa/PS4SDK/libPS4/libPS4.a(libc.o)
fclose              0x8               /home/alfa/PS4SDK/libPS4/libPS4.a(libc.o)
sceKernelAllocateDirectMemory
                    0x8               /home/alfa/PS4SDK/libPS4/libPS4.a(kernel.o)
time                0x8               /home/alfa/PS4SDK/libPS4/libPS4.a(libc.o)
opendir             0x8               /home/alfa/PS4SDK/libPS4/libPS4.a(libc.o)
strcmp              0x8               /home/alfa/PS4SDK/libPS4/libPS4.a(libc.o)
gamePID             0x4               build/main.o
gmtime_s            0x8               /home/alfa/PS4SDK/libPS4/libPS4.a(libc.o)
memalign            0x8               /home/alfa/PS4SDK/libPS4/libPS4.a(libc.o)
sprintf             0x8               /home/alfa/PS4SDK/libPS4/libPS4.a(libc.o)
ctime_r             0x8               /home/alfa/PS4SDK/libPS4/libPS4.a(libc.o)
sceKernelUsleep     0x8               /home/alfa/PS4SDK/libPS4/libPS4.a(kernel.o)
sceKernelAddUserEvent
                    0x8               /home/alfa/PS4SDK/libPS4/libPS4.a(kernel.o)
pthread_self        0x8               /home/alfa/PS4SDK/libPS4/libPS4.a(kernel.o)
localtime_r         0x8               /home/alfa/PS4SDK/libPS4/libPS4.a(libc.o)
isdigit             0x8               /home/alfa/PS4SDK/libPS4/libPS4.a(libc.o)
fwrite              0x8               /home/alfa/PS4SDK/libPS4/libPS4.a(libc.o)
sceKernelCreateEqueue
                    0x8               /home/alfa/PS4SDK/libPS4/libPS4.a(kernel.o)
atoi                0x8               /home/alfa/PS4SDK/libPS4/libPS4.a(libc.o)
gmtime              0x8               /home/alfa/PS4SDK/libPS4/libPS4.a(libc.o)
strlen              0x8               /home/alfa/PS4SDK/libPS4/libPS4.a(libc.o)
sceKernelOpen       0x8               /home/alfa/PS4SDK/libPS4/libPS4.a(kernel.o)
strchr              0x8               /home/alfa/PS4SDK/libPS4/libPS4.a(libc.o)
closedir            0x8               /home/alfa/PS4SDK/libPS4/libPS4.a(libc.o)
setuid              0x8               /home/alfa/PS4SDK/libPS4/libPS4.a(kernel.o)
sceKernelAddReadEvent
                    0x8               /home/alfa/PS4SDK/libPS4/libPS4.a(kernel.o)
telldir             0x8               /home/alfa/PS4SDK/libPS4/libPS4.a(libc.o)
sysctlbyname        0x8               /home/alfa/PS4SDK/libPS4/libPS4.a(kernel.o)
free                0x8               /home/alfa/PS4SDK/libPS4/libPS4.a(libc.o)

Discarded input sections

 .data          0x0000000000000000        0x0 /tmp/cci50WhU.o
 .bss           0x0000000000000000        0x0 /tmp/cci50WhU.o
 .text          0x0000000000000000        0x0 build/embed.o
 .data          0x0000000000000000        0x0 build/embed.o
 .bss           0x0000000000000000        0x0 build/embed.o
 .text          0x0000000000000000        0x0 build/gta.o
 .data          0x0000000000000000        0x0 build/gta.o
 .bss           0x0000000000000000        0x0 build/gta.o
 .comment       0x0000000000000000       0x25 build/gta.o
 .note.GNU-stack
                0x0000000000000000        0x0 build/gta.o
 .note.gnu.property
                0x0000000000000000       0x20 build/gta.o
 .eh_frame      0x0000000000000000       0x48 build/gta.o
 .text          0x0000000000000000        0x0 build/kern.o
 .data          0x0000000000000000        0x0 build/kern.o
 .bss           0x0000000000000000        0x0 build/kern.o
 .comment       0x0000000000000000       0x25 build/kern.o
 .note.GNU-stack
                0x0000000000000000        0x0 build/kern.o
 .note.gnu.property
                0x0000000000000000       0x20 build/kern.o
 .eh_frame      0x0000000000000000       0x30 build/kern.o
 .text          0x0000000000000000        0x0 build/main.o
 .data          0x0000000000000000        0x0 build/main.o
 .bss           0x0000000000000000        0x0 build/main.o
 .comment       0x0000000000000000       0x25 build/main.o
 .note.GNU-stack
                0x0000000000000000        0x0 build/main.o
 .note.gnu.property
                0x0000000000000000       0x20 build/main.o
 .eh_frame      0x0000000000000000       0xb8 build/main.o
 .data          0x0000000000000000        0x0 build/proc.o
 .bss           0x0000000000000000        0x0 build/proc.o
 .comment       0x0000000000000000       0x25 build/proc.o
 .note.GNU-stack
                0x0000000000000000        0x0 build/proc.o
 .note.gnu.property
                0x0000000000000000       0x20 build/proc.o
 .eh_frame      0x0000000000000000       0xf0 build/proc.o
 .data          0x0000000000000000        0x0 /home/alfa/PS4SDK/libPS4/libPS4.a(module.o)
 .bss           0x0000000000000000        0x0 /home/alfa/PS4SDK/libPS4/libPS4.a(module.o)
 .text.getModuleInfo
                0x0000000000000000       0x1f /home/alfa/PS4SDK/libPS4/libPS4.a(module.o)
 .text.unloadModule
                0x0000000000000000       0x19 /home/alfa/PS4SDK/libPS4/libPS4.a(module.o)
 .rodata.initModule.str1.1
                0x0000000000000000       0x2c /home/alfa/PS4SDK/libPS4/libPS4.a(module.o)
 .text.initModule
                0x0000000000000000       0x34 /home/alfa/PS4SDK/libPS4/libPS4.a(module.o)
 .comment       0x0000000000000000       0x25 /home/alfa/PS4SDK/libPS4/libPS4.a(module.o)
 .note.GNU-stack
                0x0000000000000000        0x0 /home/alfa/PS4SDK/libPS4/libPS4.a(module.o)
 .note.gnu.property
                0x0000000000000000       0x20 /home/alfa/PS4SDK/libPS4/libPS4.a(module.o)
 .eh_frame      0x0000000000000000       0x78 /home/alfa/PS4SDK/libPS4/libPS4.a(module.o)
 COMMON         0x0000000000000000        0x8 /home/alfa/PS4SDK/libPS4/libPS4.a(module.o)
 .text          0x0000000000000000        0x0 /home/alfa/PS4SDK/libPS4/libPS4.a(libc.o)
 .data          0x0000000000000000        0x0 /home/alfa/PS4SDK/libPS4/libPS4.a(libc.o)
 .bss           0x0000000000000000        0x0 /home/alfa/PS4SDK/libPS4/libPS4.a(libc.o)
 .comment       0x0000000000000000       0x25 /home/alfa/PS4SDK/libPS4/libPS4.a(libc.o)
 .note.GNU-stack
                0x0000000000000000        0x0 /home/alfa/PS4SDK/libPS4/libPS4.a(libc.o)
 .note.gnu.property
                0x0000000000000000       0x20 /home/alfa/PS4SDK/libPS4/libPS4.a(libc.o)
 .eh_frame      0x0000000000000000       0x38 /home/alfa/PS4SDK/libPS4/libPS4.a(libc.o)
 .data          0x0000000000000000        0x0 /home/alfa/PS4SDK/libPS4/libPS4.a(kernel.o)
 .bss           0x0000000000000000        0x0 /home/alfa/PS4SDK/libPS4/libPS4.a(kernel.o)
 .comment       0x0000000000000000       0x25 /home/alfa/PS4SDK/libPS4/libPS4.a(kernel.o)
 .note.GNU-stack
                0x0000000000000000        0x0 /home/alfa/PS4SDK/libPS4/libPS4.a(kernel.o)
 .note.gnu.property
                0x0000000000000000       0x20 /home/alfa/PS4SDK/libPS4/libPS4.a(kernel.o)
 .eh_frame      0x0000000000000000       0x38 /home/alfa/PS4SDK/libPS4/libPS4.a(kernel.o)
 .data          0x0000000000000000        0x0 /home/alfa/PS4SDK/libPS4/libPS4.a(syscall.o)
 .bss           0x0000000000000000        0x0 /home/alfa/PS4SDK/libPS4/libPS4.a(syscall.o)

Memory Configuration

Name             Origin             Length             Attributes
*default*        0x0000000000000000 0xffffffffffffffff

Linker script and memory map

LOAD /tmp/cci50WhU.o
LOAD build/embed.o
LOAD build/gta.o
LOAD build/kern.o
LOAD build/main.o
LOAD build/proc.o
                0x0000000926200000                . = 0x926200000

.text           0x0000000926200000      0xff5
 *(.text.start)
 *(.text*)
 .text          0x0000000926200000        0x5 /tmp/cci50WhU.o
                0x0000000926200000                _start
 .text.nativeHook
                0x0000000926200005       0xbe build/gta.o
                0x0000000926200005                nativeHook
 .text.kernelPayload
                0x00000009262000c3       0xa8 build/kern.o
                0x00000009262000c3                kernelPayload
 .text.sysNotify
                0x000000092620016b       0x12 build/main.o
                0x000000092620016b                sysNotify
 .text.gameCheck
                0x000000092620017d       0xa6 build/main.o
                0x000000092620017d                gameCheck
 .text.setupDone
                0x0000000926200223       0x45 build/main.o
                0x0000000926200223                setupDone
 .text.runSetup
                0x0000000926200268      0x138 build/main.o
                0x0000000926200268                runSetup
 .text.startExecution
                0x00000009262003a0       0x5b build/main.o
                0x00000009262003a0                startExecution
 .text._main    0x00000009262003fb       0xef build/main.o
                0x00000009262003fb                _main
 .text          0x00000009262004ea        0xc build/proc.o
                0x00000009262004ea                ptrace
 .text.findProcess
                0x00000009262004f6      0x101 build/proc.o
                0x00000009262004f6                findProcess
 .text.PTRACE   0x00000009262005f7       0x31 build/proc.o
                0x00000009262005f7                PTRACE
 .text.procAttach
                0x0000000926200628       0x14 build/proc.o
                0x0000000926200628                procAttach
 .text.procDetach
                0x000000092620063c       0x14 build/proc.o
                0x000000092620063c                procDetach
 .text.procReadBytes
                0x0000000926200650       0x34 build/proc.o
                0x0000000926200650                procReadBytes
 .text.procWriteBytes
                0x0000000926200684       0x34 build/proc.o
                0x0000000926200684                procWriteBytes
 .text          0x00000009262006b8       0x18 /home/alfa/PS4SDK/libPS4/libPS4.a(module.o)
                0x00000009262006b8                getFunctionAddressByName
                0x00000009262006c4                getLoadedModules
 .text.loadModule
                0x00000009262006d0       0x1e /home/alfa/PS4SDK/libPS4/libPS4.a(module.o)
                0x00000009262006d0                loadModule
 .text.initLibc
                0x00000009262006ee      0x4f8 /home/alfa/PS4SDK/libPS4/libPS4.a(libc.o)
                0x00000009262006ee                initLibc
 .text          0x0000000926200be6       0x24 /home/alfa/PS4SDK/libPS4/libPS4.a(kernel.o)
                0x0000000926200be6                kill
                0x0000000926200bf2                ioctl
                0x0000000926200bfe                kexec
 .text.initKernel
                0x0000000926200c0a      0x3bd /home/alfa/PS4SDK/libPS4/libPS4.a(kernel.o)
                0x0000000926200c0a                initKernel
 .text          0x0000000926200fc7       0x2e /home/alfa/PS4SDK/libPS4/libPS4.a(syscall.o)
                0x0000000926200fc7                syscall
                0x0000000926200fca                syscall_macro

.plt            0x0000000926201000        0x0
 .plt           0x0000000926201000        0x0 /tmp/cci50WhU.o

.plt.got        0x0000000926200ff8        0x0
 .plt.got       0x0000000926200ff8        0x0 /tmp/cci50WhU.o

.rodata         0x0000000926200ff8   0x1006dd
 *(.rodata)
 .rodata        0x0000000926200ff8   0x10013c build/embed.o
                0x0000000926200ff8                gtaPayload
                0x0000000926301130                gtaPayloadSize
 *(.rodata*)
 .rodata.gameCheck.str1.1
                0x0000000926301134       0xb7 build/main.o
 .rodata.runSetup.str1.1
                0x00000009263011eb       0x1b build/main.o
 .rodata._main.str1.1
                0x0000000926301206       0xca build/main.o
 .rodata.cst8   0x00000009263012d0        0x8 build/main.o
 .rodata.initLibc.str1.1
                0x00000009263012d8      0x1a1 /home/alfa/PS4SDK/libPS4/libPS4.a(libc.o)
                                        0x1d7 (size before relaxing)
 .rodata.initKernel.str1.1
                0x0000000926301479      0x25c /home/alfa/PS4SDK/libPS4/libPS4.a(kernel.o)

.interp         0x00000009263016d5       0x1c
 .interp        0x00000009263016d5       0x1c /tmp/cci50WhU.o

.gnu.version_d  0x00000009263016f8        0x0
 .gnu.version_d
                0x00000009263016f8        0x0 /tmp/cci50WhU.o

.gnu.version    0x00000009263016f2        0x0
 .gnu.version   0x00000009263016f2        0x0 /tmp/cci50WhU.o

.gnu.version_r  0x00000009263016f8        0x0
 .gnu.version_r
                0x00000009263016f8        0x0 /tmp/cci50WhU.o

.dynsym         0x00000009263016f8       0x18
 .dynsym        0x00000009263016f8       0x18 /tmp/cci50WhU.o

.dynstr         0x0000000926301710        0x1
 .dynstr        0x0000000926301710        0x1 /tmp/cci50WhU.o

.gnu.hash       0x0000000926301718       0x1c
 .gnu.hash      0x0000000926301718       0x1c /tmp/cci50WhU.o

.eh_frame_hdr   0x0000000926301734        0x0
 .eh_frame_hdr  0x0000000926301734        0x0 build/gta.o

.rela.dyn       0x0000000926301738        0x0
 .rela.plt      0x0000000926301738        0x0 /tmp/cci50WhU.o
 .rela.got      0x0000000926301738        0x0 /tmp/cci50WhU.o
 .rela.bss      0x0000000926301738        0x0 /tmp/cci50WhU.o
 .rela.data.rel.ro
                0x0000000926301738        0x0 /tmp/cci50WhU.o
 .rela.ifunc    0x0000000926301738        0x0 /tmp/cci50WhU.o
 .rela.text.sysNotify
                0x0000000926301738        0x0 /tmp/cci50WhU.o
 .rela.text.gameCheck
                0x0000000926301738        0x0 /tmp/cci50WhU.o
 .rela.text.setupDone
                0x0000000926301738        0x0 /tmp/cci50WhU.o
 .rela.text.runSetup
                0x0000000926301738        0x0 /tmp/cci50WhU.o
 .rela.text.startExecution
                0x0000000926301738        0x0 /tmp/cci50WhU.o
 .rela.text._main
                0x0000000926301738        0x0 /tmp/cci50WhU.o
 .rela.text.findProcess
                0x0000000926301738        0x0 /tmp/cci50WhU.o
 .rela.text.initLibc
                0x0000000926301738        0x0 /tmp/cci50WhU.o
 .rela.text.initKernel
                0x0000000926301738        0x0 /tmp/cci50WhU.o
 .rela.text     0x0000000926301738        0x0 /tmp/cci50WhU.o

.data
 *(.data)

.dynamic        0x0000000926301738       0xe0
 .dynamic       0x0000000926301738       0xe0 /tmp/cci50WhU.o
                0x0000000926301738                _DYNAMIC

.got            0x0000000926301818        0x0
 .got           0x0000000926301818        0x0 /tmp/cci50WhU.o

.got.plt        0x0000000926301818        0x0
 .got.plt       0x0000000926301818        0x0 /tmp/cci50WhU.o

.data.rel.ro    0x0000000926301818        0x0
 .data.rel.ro   0x0000000926301818        0x0 /tmp/cci50WhU.o

.bss            0x0000000926301818      0x310
 *(.bss)
 COMMON         0x0000000926301818       0x14 build/main.o
                0x0000000926301818                ceil
                0x0000000926301820                sceSysUtilSendSystemNotificationWithText
                0x0000000926301828                gamePID
 *fill*         0x000000092630182c        0x4 
 COMMON         0x0000000926301830      0x1d8 /home/alfa/PS4SDK/libPS4/libPS4.a(libc.o)
                0x0000000926301830                strcpy
                0x0000000926301838                asctime
                0x0000000926301840                strerror
                0x0000000926301848                snprintf
                0x0000000926301850                memcpy
                0x0000000926301858                seekdir
                0x0000000926301860                rewinddir
                0x0000000926301868                malloc
                0x0000000926301870                readdir_r
                0x0000000926301878                getprogname
                0x0000000926301880                readdir
                0x0000000926301888                strrchr
                0x0000000926301890                calloc
                0x0000000926301898                rindex
                0x00000009263018a0                _Getpctype
                0x00000009263018a8                fprintf
                0x00000009263018b0                ctime
                0x00000009263018b8                strcat
                0x00000009263018c0                fseek
                0x00000009263018c8                mktime
                0x00000009263018d0                strstr
                0x00000009263018d8                rand
                0x00000009263018e0                dirfd
                0x00000009263018e8                strlcpy
                0x00000009263018f0                strncmp
                0x00000009263018f8                strncpy
                0x0000000926301900                realloc
                0x0000000926301908                bcopy
                0x0000000926301910                memcmp
                0x0000000926301918                sscanf
                0x0000000926301920                strncat
                0x0000000926301928                fread
                0x0000000926301930                _Stoul
                0x0000000926301938                strdup
                0x0000000926301940                index
                0x0000000926301948                fopen
                0x0000000926301950                asctime_r
                0x0000000926301958                localtime
                0x0000000926301960                memset
                0x0000000926301968                ftell
                0x0000000926301970                srand
                0x0000000926301978                fclose
                0x0000000926301980                time
                0x0000000926301988                opendir
                0x0000000926301990                strcmp
                0x0000000926301998                gmtime_s
                0x00000009263019a0                memalign
                0x00000009263019a8                sprintf
                0x00000009263019b0                ctime_r
                0x00000009263019b8                localtime_r
                0x00000009263019c0                isdigit
                0x00000009263019c8                fwrite
                0x00000009263019d0                atoi
                0x00000009263019d8                gmtime
                0x00000009263019e0                strlen
                0x00000009263019e8                strchr
                0x00000009263019f0                closedir
                0x00000009263019f8                telldir
                0x0000000926301a00                free
 COMMON         0x0000000926301a08      0x120 /home/alfa/PS4SDK/libPS4/libPS4.a(kernel.o)
                0x0000000926301a08                sceKernelGettimeofday
                0x0000000926301a10                getgid
                0x0000000926301a18                libKernelHandle
                0x0000000926301a20                __stack_chk_guard
                0x0000000926301a28                sceKernelGetDirectMemorySize
                0x0000000926301a30                execve
                0x0000000926301a38                getpid
                0x0000000926301a40                sceKernelSleep
                0x0000000926301a48                sceKernelGetCurrentCpu
                0x0000000926301a50                sceKernelDeleteEqueue
                0x0000000926301a58                getuid
                0x0000000926301a60                __stack_chk_fail
                0x0000000926301a68                sceKernelMapDirectMemory
                0x0000000926301a70                sysarch
                0x0000000926301a78                sceKernelError
                0x0000000926301a80                sysctl
                0x0000000926301a88                sceKernelRead
                0x0000000926301a90                setregid
                0x0000000926301a98                __error
                0x0000000926301aa0                setgid
                0x0000000926301aa8                sceKernelLseek
                0x0000000926301ab0                sceKernelStat
                0x0000000926301ab8                sceKernelLoadStartModule
                0x0000000926301ac0                sceKernelClose
                0x0000000926301ac8                pthread_setaffinity_np
                0x0000000926301ad0                sceKernelGetProcessTime
                0x0000000926301ad8                setreuid
                0x0000000926301ae0                sceKernelAllocateDirectMemory
                0x0000000926301ae8                sceKernelUsleep
                0x0000000926301af0                sceKernelAddUserEvent
                0x0000000926301af8                pthread_self
                0x0000000926301b00                sceKernelCreateEqueue
                0x0000000926301b08                sceKernelOpen
                0x0000000926301b10                setuid
                0x0000000926301b18                sceKernelAddReadEvent
                0x0000000926301b20                sysctlbyname

.dynbss         0x0000000926301b28        0x0
 .dynbss        0x0000000926301b28        0x0 /tmp/cci50WhU.o

/DISCARD/
 *(.comment)
 *(.note.GNU-stack)
 *(.eh_frame)
LOAD /home/alfa/PS4SDK/libPS4/libPS4.a
OUTPUT(temp.t elf64-x86-64)
