
Merging program properties

Removed property 0xc0000002 to merge build/invoker.o (0x3) and /tmp/ccGzCiuY.o (not found)
Removed property 0xc0000002 to merge build/invoker.o (not found) and build/lib.o (0x3)
Removed property 0xc0000002 to merge build/invoker.o (not found) and build/main.o (0x3)

Discarded input sections

 .data          0x0000000000000000        0x0 /tmp/ccGzCiuY.o
 .bss           0x0000000000000000        0x0 /tmp/ccGzCiuY.o
 .data          0x0000000000000000        0x0 build/invoker.o
 .rodata        0x0000000000000000        0x1 build/invoker.o
 .note.gnu.property
                0x0000000000000000       0x20 build/invoker.o
 .eh_frame      0x0000000000000000       0x60 build/invoker.o
 .note.gnu.property
                0x0000000000000000       0x20 build/lib.o
 .eh_frame      0x0000000000000000       0x60 build/lib.o
 .group         0x0000000000000000        0xc build/main.o
 .group         0x0000000000000000        0xc build/main.o
 .group         0x0000000000000000        0xc build/main.o
 .group         0x0000000000000000        0xc build/main.o
 .group         0x0000000000000000        0xc build/main.o
 .group         0x0000000000000000        0xc build/main.o
 .group         0x0000000000000000        0xc build/main.o
 .group         0x0000000000000000        0xc build/main.o
 .group         0x0000000000000000        0xc build/main.o
 .group         0x0000000000000000        0xc build/main.o
 .group         0x0000000000000000        0xc build/main.o
 .group         0x0000000000000000        0xc build/main.o
 .group         0x0000000000000000        0xc build/main.o
 .group         0x0000000000000000        0xc build/main.o
 .group         0x0000000000000000        0xc build/main.o
 .group         0x0000000000000000        0xc build/main.o
 .group         0x0000000000000000        0xc build/main.o
 .group         0x0000000000000000        0xc build/main.o
 .group         0x0000000000000000        0xc build/main.o
 .group         0x0000000000000000        0xc build/main.o
 .group         0x0000000000000000        0xc build/main.o
 .group         0x0000000000000000        0xc build/main.o
 .group         0x0000000000000000        0xc build/main.o
 .group         0x0000000000000000        0xc build/main.o
 .group         0x0000000000000000        0xc build/main.o
 .group         0x0000000000000000        0xc build/main.o
 .group         0x0000000000000000        0xc build/main.o
 .group         0x0000000000000000        0xc build/main.o
 .group         0x0000000000000000        0xc build/main.o
 .group         0x0000000000000000        0xc build/main.o
 .group         0x0000000000000000        0xc build/main.o
 .group         0x0000000000000000        0xc build/main.o
 .group         0x0000000000000000        0xc build/main.o
 .group         0x0000000000000000        0xc build/main.o
 .group         0x0000000000000000        0xc build/main.o
 .group         0x0000000000000000        0xc build/main.o
 .group         0x0000000000000000        0xc build/main.o
 .group         0x0000000000000000        0xc build/main.o
 .group         0x0000000000000000        0xc build/main.o
 .group         0x0000000000000000        0xc build/main.o
 .group         0x0000000000000000        0xc build/main.o
 .group         0x0000000000000000        0xc build/main.o
 .group         0x0000000000000000        0xc build/main.o
 .group         0x0000000000000000        0xc build/main.o
 .group         0x0000000000000000        0xc build/main.o
 .group         0x0000000000000000        0xc build/main.o
 .group         0x0000000000000000        0xc build/main.o
 .group         0x0000000000000000        0xc build/main.o
 .group         0x0000000000000000        0xc build/main.o
 .group         0x0000000000000000        0xc build/main.o
 .group         0x0000000000000000        0xc build/main.o
 .group         0x0000000000000000        0xc build/main.o
 .group         0x0000000000000000        0xc build/main.o
 .group         0x0000000000000000        0xc build/main.o
 .group         0x0000000000000000        0xc build/main.o
 .group         0x0000000000000000        0xc build/main.o
 .group         0x0000000000000000        0xc build/main.o
 .group         0x0000000000000000        0xc build/main.o
 .group         0x0000000000000000        0xc build/main.o
 .group         0x0000000000000000        0xc build/main.o
 .group         0x0000000000000000        0xc build/main.o
 .group         0x0000000000000000        0xc build/main.o
 .group         0x0000000000000000        0xc build/main.o
 .group         0x0000000000000000        0xc build/main.o
 .group         0x0000000000000000        0xc build/main.o
 .group         0x0000000000000000        0xc build/main.o
 .group         0x0000000000000000        0xc build/main.o
 .group         0x0000000000000000        0xc build/main.o
 .group         0x0000000000000000        0xc build/main.o
 .group         0x0000000000000000        0xc build/main.o
[...]
Memory Configuration

Name             Origin             Length             Attributes
*default*        0x0000000000000000 0xffffffffffffffff

Linker script and memory map

LOAD /tmp/ccGzCiuY.o
LOAD build/invoker.o
LOAD build/lib.o
LOAD build/main.o
                0x0000000926200000                . = 0x926200000

.text           0x0000000926200000    0xa0eed
 *(.text.start)
 *(.text*)
 .text          0x0000000926200000        0x5 /tmp/ccGzCiuY.o
                0x0000000926200000                _start
 .text          0x0000000926200005      0x168 build/invoker.o
                0x0000000926200005                setVectors()
                0x00000009262000ed                resetArgs()
 .text          0x000000092620016d      0x5e2 build/lib.o
                0x000000092620016d                resolveLibs()
                0x00000009262006fd                initLibs()
 .text          0x000000092620074f    0x61ed5 build/main.o
                0x00000009262623eb                teleportPlayer(float, float, float)
                0x00000009262624b2                _main
 .text._Z6invokeIiJRiEET_yDpOT0_
                0x0000000926262624       0xbd build/main.o
                0x0000000926262624                int invoke<int, int&>(unsigned long long, int&)
 .text._Z6invokeIPvJRiS1_EET_yDpOT0_
                0x00000009262626e1       0xfa build/main.o
                0x00000009262626e1                void* invoke<void*, int&, int&>(unsigned long long, int&, int&)
 .text._Z6invokeIPvJRiS1_S1_S1_EET_yDpOT0_
                0x00000009262627db      0x16e build/main.o
                0x00000009262627db                void* invoke<void*, int&, int&, int&, int&>(unsigned long long, int&, int&, int&, int&)
 .text._Z6invokeIPvJRiRPiS3_S3_EET_yDpOT0_
                0x0000000926262949      0x174 build/main.o
                0x0000000926262949                void* invoke<void*, int&, int*&, int*&, int*&>(unsigned long long, int&, int*&, int*&, int*&)
 .text._Z6invokeIPiJEET_yDpOT0_
                0x0000000926262abd       0x86 build/main.o
                0x0000000926262abd                int* invoke<int*>(unsigned long long)
 .text._Z6invokeIPcJRiEET_yDpOT0_
                0x0000000926262b43       0xbd build/main.o
                0x0000000926262b43                char* invoke<char*, int&>(unsigned long long, int&)
 .text._Z6invokeI7Vector3JRiEET_yDpOT0_
                0x0000000926262c00       0xcd build/main.o
                0x0000000926262c00                Vector3 invoke<Vector3, int&>(unsigned long long, int&)
 .text._Z6invokeIPvJRiS1_S1_RPiEET_yDpOT0_
                0x0000000926262ccd      0x170 build/main.o
                0x0000000926262ccd                void* invoke<void*, int&, int&, int&, int*&>(unsigned long long, int&, int&, int&, int*&)
 .text._Z6invokeIPvJRiS1_S1_EET_yDpOT0_
                0x0000000926262e3d      0x131 build/main.o
                0x0000000926262e3d                void* invoke<void*, int&, int&, int&>(unsigned long long, int&, int&, int&)
 .text._Z6invokeIiJRiS0_EET_yDpOT0_
                0x0000000926262f6e       0xfa build/main.o
                0x0000000926262f6e                int invoke<int, int&, int&>(unsigned long long, int&, int&)
 .text._Z6invokeIPvJRiEET_yDpOT0_
                0x0000000926263068       0xbd build/main.o
                0x0000000926263068                void* invoke<void*, int&>(unsigned long long, int&)
 .text._Z6invokeIPvJRfEET_yDpOT0_
                0x0000000926263125       0xbd build/main.o
                0x0000000926263125                void* invoke<void*, float&>(unsigned long long, float&)
 .text._Z6invokeIPvJRiRfEET_yDpOT0_
                0x00000009262631e2       0xfa build/main.o
                0x00000009262631e2                void* invoke<void*, int&, float&>(unsigned long long, int&, float&)
 .text._Z6invokeIPvJEET_yDpOT0_
                0x00000009262632dc       0x86 build/main.o
                0x00000009262632dc                void* invoke<void*>(unsigned long long)
 .text._Z6invokeIiJRiRPiEET_yDpOT0_
                0x0000000926263362       0xfc build/main.o
                0x0000000926263362                int invoke<int, int&, int*&>(unsigned long long, int&, int*&)
 .text._Z6invokeIiJEET_yDpOT0_
                0x000000092626345e       0x86 build/main.o
                0x000000092626345e                int invoke<int>(unsigned long long)
 .text._Z6invokeIfJRiEET_yDpOT0_
                0x00000009262634e4       0xbd build/main.o
                0x00000009262634e4                float invoke<float, int&>(unsigned long long, int&)
 .text._Z6invokeIPvJRPcRiEET_yDpOT0_
                0x00000009262635a1       0xfc build/main.o
                0x00000009262635a1                void* invoke<void*, char*&, int&>(unsigned long long, char*&, int&)
 .text._Z6invokeIPvJRiRfS1_EET_yDpOT0_
                0x000000092626369d      0x131 build/main.o
                0x000000092626369d                void* invoke<void*, int&, float&, int&>(unsigned long long, int&, float&, int&)
 .text._Z6invokeIiJRiRfEET_yDpOT0_
                0x00000009262637ce       0xfa build/main.o
                0x00000009262637ce                int invoke<int, int&, float&>(unsigned long long, int&, float&)
 .text._Z6invokeIPvJRiRfS2_S2_S2_S1_S1_S1_EET_yDpOT0_
                0x00000009262638c8      0x247 build/main.o
                0x00000009262638c8                void* invoke<void*, int&, float&, float&, float&, float&, int&, int&, int&>(unsigned long long, int&, float&, float&, float&, float&, int&, int&, int&)
 .text._Z6invokeIPvJRiRPiEET_yDpOT0_
                0x0000000926263b0f       0xfc build/main.o
                0x0000000926263b0f                void* invoke<void*, int&, int*&>(unsigned long long, int&, int*&)
 .text._Z6invokeIPvJRiRfS1_S2_S1_S1_EET_yDpOT0_
                0x0000000926263c0b      0x1db build/main.o
                0x0000000926263c0b                void* invoke<void*, int&, float&, int&, float&, int&, int&>(unsigned long long, int&, float&, int&, float&, int&, int&)
 .text._Z6invokeIPvJRfS1_S1_S1_S1_S1_S1_S1_EET_yDpOT0_
                0x0000000926263de6      0x247 build/main.o
                0x0000000926263de6                void* invoke<void*, float&, float&, float&, float&, float&, float&, float&, float&>(unsigned long long, float&, float&, float&, float&, float&, float&, float&, float&)
 .text._Z6invokeIiJRiS0_S0_EET_yDpOT0_
                0x000000092626402d      0x131 build/main.o
                0x000000092626402d                int invoke<int, int&, int&, int&>(unsigned long long, int&, int&, int&)
 .text._Z6invokeIPvJRfS1_S1_EET_yDpOT0_
                0x000000092626415e      0x131 build/main.o
                0x000000092626415e                void* invoke<void*, float&, float&, float&>(unsigned long long, float&, float&, float&)
 .text._Z6invokeIPvJRiS1_S1_S1_S1_EET_yDpOT0_
                0x000000092626428f      0x1a5 build/main.o
                0x000000092626428f                void* invoke<void*, int&, int&, int&, int&, int&>(unsigned long long, int&, int&, int&, int&, int&)
 .text._Z6invokeIiJRPiEET_yDpOT0_
                0x0000000926264434       0xbf build/main.o
                0x0000000926264434                int invoke<int, int*&>(unsigned long long, int*&)
 .text._Z6invokeIiJRiRPcS2_S0_EET_yDpOT0_
                0x00000009262644f3      0x172 build/main.o
                0x00000009262644f3                int invoke<int, int&, char*&, char*&, int&>(unsigned long long, int&, char*&, char*&, int&)
 .text._Z6invokeIfJRiRPcS2_EET_yDpOT0_
                0x0000000926264665      0x135 build/main.o
                0x0000000926264665                float invoke<float, int&, char*&, char*&>(unsigned long long, int&, char*&, char*&)
 .text._Z6invokeIfJRPcS1_EET_yDpOT0_
                0x000000092626479a       0xfe build/main.o
                0x000000092626479a                float invoke<float, char*&, char*&>(unsigned long long, char*&, char*&)
 .text._Z6invokeI7Vector3JRiS1_EET_yDpOT0_
                0x0000000926264898      0x10a build/main.o
                0x0000000926264898                Vector3 invoke<Vector3, int&, int&>(unsigned long long, int&, int&)
 .text._Z6invokeIfJRiRfS1_S1_S0_S0_EET_yDpOT0_
                0x00000009262649a2      0x1db build/main.o
                0x00000009262649a2                float invoke<float, int&, float&, float&, float&, int&, int&>(unsigned long long, int&, float&, float&, float&, int&, int&)
 .text._Z6invokeIPvJRiRP7Vector3S4_S4_S4_EET_yDpOT0_
                0x0000000926264b7d      0x1ad build/main.o
                0x0000000926264b7d                void* invoke<void*, int&, Vector3*&, Vector3*&, Vector3*&, Vector3*&>(unsigned long long, int&, Vector3*&, Vector3*&, Vector3*&, Vector3*&)
 .text._Z6invokeI7Vector3JRiRfS2_S2_EET_yDpOT0_
                0x0000000926264d2a      0x17e build/main.o
                0x0000000926264d2a                Vector3 invoke<Vector3, int&, float&, float&, float&>(unsigned long long, int&, float&, float&, float&)
 .text._Z6invokeIPvJRiRPfS3_S3_S3_EET_yDpOT0_
                0x0000000926264ea8      0x1ad build/main.o
                0x0000000926264ea8                void* invoke<void*, int&, float*&, float*&, float*&, float*&>(unsigned long long, int&, float*&, float*&, float*&, float*&)
 .text._Z6invokeIPcJRiRPiEET_yDpOT0_
                0x0000000926265055       0xfc build/main.o
                0x0000000926265055                char* invoke<char*, int&, int*&>(unsigned long long, int&, int*&)
 .text._Z6invokeIiJRiRfS1_S1_S1_S1_S1_S0_S0_S0_EET_yDpOT0_
                0x0000000926265151      0x2cb build/main.o
                0x0000000926265151                int invoke<int, int&, float&, float&, float&, float&, float&, float&, int&, int&, int&>(unsigned long long, int&, float&, float&, float&, float&, float&, float&, int&, int&, int&)
 .text._Z6invokeIiJRiS0_RfS1_S1_S0_S0_S0_EET_yDpOT0_
                0x000000092626541c      0x247 build/main.o
                0x000000092626541c                int invoke<int, int&, int&, float&, float&, float&, int&, int&, int&>(unsigned long long, int&, int&, float&, float&, float&, int&, int&, int&)
 .text._Z6invokeIiJRiRfS1_S1_S1_S1_S1_S1_S0_S0_S0_EET_yDpOT0_
                0x0000000926265663      0x2fe build/main.o
                0x0000000926265663                int invoke<int, int&, float&, float&, float&, float&, float&, float&, float&, int&, int&, int&>(unsigned long long, int&, float&, float&, float&, float&, float&, float&, float&, int&, int&, int&)
 .text._Z6invokeIiJRiRPcEET_yDpOT0_
                0x0000000926265961       0xfc build/main.o
                0x0000000926265961                int invoke<int, int&, char*&>(unsigned long long, int&, char*&)
 .text._Z6invokeIiJRiRfS1_S1_S0_EET_yDpOT0_
                0x0000000926265a5d      0x1a5 build/main.o
                0x0000000926265a5d                int invoke<int, int&, float&, float&, float&, int&>(unsigned long long, int&, float&, float&, float&, int&)
 .text._Z6invokeIPvJRiS1_RfS2_S2_S1_S1_S1_S1_EET_yDpOT0_
                0x0000000926265c02      0x27a build/main.o
                0x0000000926265c02                void* invoke<void*, int&, int&, float&, float&, float&, int&, int&, int&, int&>(unsigned long long, int&, int&, float&, float&, float&, int&, int&, int&, int&)
 .text._Z6invokeIPvJRiS1_RfS2_S2_S2_S2_S2_S1_S1_S1_S1_S1_S1_EET_yDpOT0_
                0x0000000926265e7c      0x369 build/main.o
                0x0000000926265e7c                void* invoke<void*, int&, int&, float&, float&, float&, float&, float&, float&, int&, int&, int&, int&, int&, int&>(unsigned long long, int&, int&, float&, float&, float&, float&, float&, float&, int&, int&, int&, int&, int&, int&)
 .text._Z6invokeIPvJRiS1_S1_RfS2_S2_S2_S2_S2_S1_S1_S1_S1_S1_S1_EET_yDpOT0_
                0x00000009262661e5      0x392 build/main.o
                0x00000009262661e5                void* invoke<void*, int&, int&, int&, float&, float&, float&, float&, float&, float&, int&, int&, int&, int&, int&, int&>(unsigned long long, int&, int&, int&, float&, float&, float&, float&, float&, float&, int&, int&, int&, int&, int&, int&)
 .text._Z6invokeIPvJRiS1_S1_S1_RfS2_S2_S2_S2_S2_S2_S2_S2_S2_S1_S1_S1_S1_S1_EET_yDpOT0_
                0x0000000926266577      0x466 build/main.o
                0x0000000926266577                void* invoke<void*, int&, int&, int&, int&, float&, float&, float&, float&, float&, float&, float&, float&, float&, float&, int&, int&, int&, int&, int&>(unsigned long long, int&, int&, int&, int&, float&, float&, float&, float&, float&, float&, float&, float&, float&, float&, int&, int&, int&, int&, int&)
 .text._Z6invokeIPvJRPiEET_yDpOT0_
                0x00000009262669dd       0xbf build/main.o
                0x00000009262669dd                void* invoke<void*, int*&>(unsigned long long, int*&)
 .text._Z6invokeIiJRiRPcS2_RfS0_S0_S0_S3_S0_EET_yDpOT0_
                0x0000000926266a9c      0x27e build/main.o
                0x0000000926266a9c                int invoke<int, int&, char*&, char*&, float&, int&, int&, int&, float&, int&>(unsigned long long, int&, char*&, char*&, float&, int&, int&, int&, float&, int&)
 .text._Z6invokeIiJRiS0_RPcS2_RfS3_S0_S3_EET_yDpOT0_
                0x0000000926266d1a      0x24b build/main.o
                0x0000000926266d1a                int invoke<int, int&, int&, char*&, char*&, float&, float&, int&, float&>(unsigned long long, int&, int&, char*&, char*&, float&, float&, int&, float&)
 .text._Z6invokeIiJRfS0_S0_S0_RiS1_RPiS3_S0_S0_S1_S0_EET_yDpOT0_
                0x0000000926266f65      0x309 build/main.o
                0x0000000926266f65                int invoke<int, float&, float&, float&, float&, int&, int&, int*&, int*&, float&, float&, int&, float&>(unsigned long long, float&, float&, float&, float&, int&, int&, int*&, int*&, float&, float&, int&, float&)
 .text._Z6invokeIiJRfS0_S0_S0_RiS0_EET_yDpOT0_
                0x000000092626726e      0x1db build/main.o
                0x000000092626726e                int invoke<int, float&, float&, float&, float&, int&, float&>(unsigned long long, float&, float&, float&, float&, int&, float&)
 .text._Z6invokeIiJRiRPcS2_RfEET_yDpOT0_
                0x0000000926267449      0x172 build/main.o
                0x0000000926267449                int invoke<int, int&, char*&, char*&, float&>(unsigned long long, int&, char*&, char*&, float&)
 .text._Z6invokeIiJRiRfS0_EET_yDpOT0_
                0x00000009262675bb      0x131 build/main.o
                0x00000009262675bb                int invoke<int, int&, float&, int&>(unsigned long long, int&, float&, int&)
 .text._Z6invokeIiJRPcS1_S1_RPiS3_EET_yDpOT0_
                0x00000009262676ec      0x1af build/main.o
                0x00000009262676ec                int invoke<int, char*&, char*&, char*&, int*&, int*&>(unsigned long long, char*&, char*&, char*&, int*&, int*&)
 .text._Z6invokeIPvJRiRPcS3_RfEET_yDpOT0_
                0x000000092626789b      0x172 build/main.o
                0x000000092626789b                void* invoke<void*, int&, char*&, char*&, float&>(unsigned long long, int&, char*&, char*&, float&)
 .text._Z6invokeIPvJRiRfS2_S2_S1_S1_S1_S1_EET_yDpOT0_
                0x0000000926267a0d      0x247 build/main.o
                0x0000000926267a0d                void* invoke<void*, int&, float&, float&, float&, int&, int&, int&, int&>(unsigned long long, int&, float&, float&, float&, int&, int&, int&, int&)
 .text._Z6invokeIPvJRiRfS2_S2_S1_S1_S1_EET_yDpOT0_
                0x0000000926267c54      0x20e build/main.o
                0x0000000926267c54                void* invoke<void*, int&, float&, float&, float&, int&, int&, int&>(unsigned long long, int&, float&, float&, float&, int&, int&, int&)
 .text._Z6invokeIPvJRiS1_RfEET_yDpOT0_
                0x0000000926267e62      0x131 build/main.o
                0x0000000926267e62                void* invoke<void*, int&, int&, float&>(unsigned long long, int&, int&, float&)
 .text._Z6invokeIPvJRiS1_S1_S1_S1_S1_S1_S1_S1_EET_yDpOT0_
                0x0000000926267f93      0x27a build/main.o
                0x0000000926267f93                void* invoke<void*, int&, int&, int&, int&, int&, int&, int&, int&, int&>(unsigned long long, int&, int&, int&, int&, int&, int&, int&, int&, int&)
 .text._Z6invokeIPvJRiRfS2_S2_S2_EET_yDpOT0_
                0x000000092626820d      0x1a5 build/main.o
                0x000000092626820d                void* invoke<void*, int&, float&, float&, float&, float&>(unsigned long long, int&, float&, float&, float&, float&)
 .text._Z6invokeIPvJRiRfS2_S2_S1_S1_EET_yDpOT0_
                0x00000009262683b2      0x1db build/main.o
                0x00000009262683b2                void* invoke<void*, int&, float&, float&, float&, int&, int&>(unsigned long long, int&, float&, float&, float&, int&, int&)
 .text._Z6invokeIPvJRiRfS2_S2_EET_yDpOT0_
                0x000000092626858d      0x16e build/main.o
                0x000000092626858d                void* invoke<void*, int&, float&, float&, float&>(unsigned long long, int&, float&, float&, float&)
 .text._Z6invokeIPvJRfS1_S1_S1_RiS2_S2_EET_yDpOT0_
                0x00000009262686fb      0x20e build/main.o
                0x00000009262686fb                void* invoke<void*, float&, float&, float&, float&, int&, int&, int&>(unsigned long long, float&, float&, float&, float&, int&, int&, int&)
 .text._Z6invokeIPvJRfS1_S1_S1_RiS2_EET_yDpOT0_
                0x0000000926268909      0x1db build/main.o
                0x0000000926268909                void* invoke<void*, float&, float&, float&, float&, int&, int&>(unsigned long long, float&, float&, float&, float&, int&, int&)
 .text._Z6invokeIPvJRiS1_S1_S1_S1_S1_EET_yDpOT0_
                0x0000000926268ae4      0x1db build/main.o
                0x0000000926268ae4                void* invoke<void*, int&, int&, int&, int&, int&, int&>(unsigned long long, int&, int&, int&, int&, int&, int&)
 .text._Z6invokeIPvJRfS1_S1_RiS2_S2_EET_yDpOT0_
                0x0000000926268cbf      0x1db build/main.o
                0x0000000926268cbf                void* invoke<void*, float&, float&, float&, int&, int&, int&>(unsigned long long, float&, float&, float&, int&, int&, int&)
 .text._Z6invokeIiJRiS0_RfS1_S1_S1_S0_S0_EET_yDpOT0_
                0x0000000926268e9a      0x247 build/main.o
                0x0000000926268e9a                int invoke<int, int&, int&, float&, float&, float&, float&, int&, int&>(unsigned long long, int&, int&, float&, float&, float&, float&, int&, int&)
 .text._Z6invokeIiJRiRfS0_S0_EET_yDpOT0_
                0x00000009262690e1      0x16e build/main.o
                0x00000009262690e1                int invoke<int, int&, float&, int&, int&>(unsigned long long, int&, float&, int&, int&)
 .text._Z6invokeIiJRfS0_S0_S0_S0_S0_EET_yDpOT0_
                0x000000092626924f      0x1db build/main.o
                0x000000092626924f                int invoke<int, float&, float&, float&, float&, float&, float&>(unsigned long long, float&, float&, float&, float&, float&, float&)
 .text._Z6invokeIiJRiS0_S0_S0_S0_S0_EET_yDpOT0_
                0x000000092626942a      0x1db build/main.o
                0x000000092626942a                int invoke<int, int&, int&, int&, int&, int&, int&>(unsigned long long, int&, int&, int&, int&, int&, int&)
 .text._Z6invokeIiJRiS0_RfEET_yDpOT0_
                0x0000000926269605      0x131 build/main.o
                0x0000000926269605                int invoke<int, int&, int&, float&>(unsigned long long, int&, int&, float&)
 .text._Z6invokeIiJRiRfS1_S1_S1_S1_S1_S0_S0_EET_yDpOT0_
                0x0000000926269736      0x27a build/main.o
                0x0000000926269736                int invoke<int, int&, float&, float&, float&, float&, float&, float&, int&, int&>(unsigned long long, int&, float&, float&, float&, float&, float&, float&, int&, int&)
 .text._Z6invokeIiJRfS0_S0_S0_S0_S0_RiS1_EET_yDpOT0_
                0x00000009262699b0      0x247 build/main.o
                0x00000009262699b0                int invoke<int, float&, float&, float&, float&, float&, float&, int&, int&>(unsigned long long, float&, float&, float&, float&, float&, float&, int&, int&)
 .text._Z6invokeIiJRfS0_S0_EET_yDpOT0_
                0x0000000926269bf7      0x131 build/main.o
                0x0000000926269bf7                int invoke<int, float&, float&, float&>(unsigned long long, float&, float&, float&)
 .text._Z6invokeIPvJRfS1_EET_yDpOT0_
                0x0000000926269d28       0xfa build/main.o
                0x0000000926269d28                void* invoke<void*, float&, float&>(unsigned long long, float&, float&)
 .text._Z6invokeIPvJRfS1_S1_S1_S1_S1_EET_yDpOT0_
                0x0000000926269e22      0x1db build/main.o
                0x0000000926269e22                void* invoke<void*, float&, float&, float&, float&, float&, float&>(unsigned long long, float&, float&, float&, float&, float&, float&)
 .text._Z6invokeIPvJRfRiEET_yDpOT0_
                0x0000000926269ffd       0xfa build/main.o
                0x0000000926269ffd                void* invoke<void*, float&, int&>(unsigned long long, float&, int&)
 .text._Z6invokeI7Vector3JRiRfS2_EET_yDpOT0_
                0x000000092626a0f7      0x141 build/main.o
                0x000000092626a0f7                Vector3 invoke<Vector3, int&, float&, float&>(unsigned long long, int&, float&, float&)
 .text._Z6invokeIPvJRiS1_RPcEET_yDpOT0_
                0x000000092626a238      0x133 build/main.o
                0x000000092626a238                void* invoke<void*, int&, int&, char*&>(unsigned long long, int&, int&, char*&)
 .text._Z6invokeIiJRiRfS1_S1_S1_EET_yDpOT0_
                0x000000092626a36b      0x1a5 build/main.o
                0x000000092626a36b                int invoke<int, int&, float&, float&, float&, float&>(unsigned long long, int&, float&, float&, float&, float&)
 .text._Z6invokeIiJRPcRPiEET_yDpOT0_
                0x000000092626a510       0xfe build/main.o
                0x000000092626a510                int invoke<int, char*&, int*&>(unsigned long long, char*&, int*&)
 .text._Z6invokeIfJRiS0_EET_yDpOT0_
                0x000000092626a60e       0xfa build/main.o
                0x000000092626a60e                float invoke<float, int&, int&>(unsigned long long, int&, int&)
 .text._Z6invokeIPvJRiRPiS3_EET_yDpOT0_
                0x000000092626a708      0x135 build/main.o
                0x000000092626a708                void* invoke<void*, int&, int*&, int*&>(unsigned long long, int&, int*&, int*&)
 .text._Z6invokeIPvJRiRPcRfEET_yDpOT0_
                0x000000092626a83d      0x133 build/main.o
                0x000000092626a83d                void* invoke<void*, int&, char*&, float&>(unsigned long long, int&, char*&, float&)
 .text._Z6invokeIPvJRiRPcEET_yDpOT0_
                0x000000092626a970       0xfc build/main.o
                0x000000092626a970                void* invoke<void*, int&, char*&>(unsigned long long, int&, char*&)
 .text._Z6invokeIiJRiRPcS2_EET_yDpOT0_
                0x000000092626aa6c      0x135 build/main.o
                0x000000092626aa6c                int invoke<int, int&, char*&, char*&>(unsigned long long, int&, char*&, char*&)
 .text._Z6invokeIPvJRiRPcS3_RfS1_EET_yDpOT0_
                0x000000092626aba1      0x1a9 build/main.o
                0x000000092626aba1                void* invoke<void*, int&, char*&, char*&, float&, int&>(unsigned long long, int&, char*&, char*&, float&, int&)
 .text._Z6invokeIPvJRiS1_RPcS3_RfS1_EET_yDpOT0_
                0x000000092626ad4a      0x1df build/main.o
                0x000000092626ad4a                void* invoke<void*, int&, int&, char*&, char*&, float&, int&>(unsigned long long, int&, int&, char*&, char*&, float&, int&)
 .text._Z6invokeI7Vector3JRPcS2_RfS3_S3_S3_S3_S3_S3_RiEET_yDpOT0_
                0x000000092626af29      0x2db build/main.o
                0x000000092626af29                Vector3 invoke<Vector3, char*&, char*&, float&, float&, float&, float&, float&, float&, float&, int&>(unsigned long long, char*&, char*&, float&, float&, float&, float&, float&, float&, float&, int&)
 .text._Z6invokeIiJRPiS1_EET_yDpOT0_
                0x000000092626b204       0xfe build/main.o
                0x000000092626b204                int invoke<int, int*&, int*&>(unsigned long long, int*&, int*&)
 .text._Z6invokeIiJRiS0_S0_S0_EET_yDpOT0_
                0x000000092626b302      0x16e build/main.o
                0x000000092626b302                int invoke<int, int&, int&, int&, int&>(unsigned long long, int&, int&, int&, int&)
 .text._Z6invokeIPvJRiS1_S1_RfS2_EET_yDpOT0_
                0x000000092626b470      0x1a5 build/main.o
                0x000000092626b470                void* invoke<void*, int&, int&, int&, float&, float&>(unsigned long long, int&, int&, int&, float&, float&)
 .text._Z6invokeIPvJRiS1_S1_S1_S1_S1_S1_RfS2_S2_S1_EET_yDpOT0_
                0x000000092626b615      0x2fe build/main.o
                0x000000092626b615                void* invoke<void*, int&, int&, int&, int&, int&, int&, int&, float&, float&, float&, int&>(unsigned long long, int&, int&, int&, int&, int&, int&, int&, float&, float&, float&, int&)
 .text._Z6invokeIPvJRiS1_S1_RfEET_yDpOT0_
                0x000000092626b913      0x16e build/main.o
                0x000000092626b913                void* invoke<void*, int&, int&, int&, float&>(unsigned long long, int&, int&, int&, float&)
 .text._Z6invokeIPvJRiRfS2_S2_S2_S2_EET_yDpOT0_
                0x000000092626ba81      0x1db build/main.o
                0x000000092626ba81                void* invoke<void*, int&, float&, float&, float&, float&, float&>(unsigned long long, int&, float&, float&, float&, float&, float&)
 .text._Z6invokeIiJRfS0_S0_S0_S0_S0_RiEET_yDpOT0_
                0x000000092626bc5c      0x20e build/main.o
                0x000000092626bc5c                int invoke<int, float&, float&, float&, float&, float&, float&, int&>(unsigned long long, float&, float&, float&, float&, float&, float&, int&)
 .text._Z6invokeIiJRfS0_S0_S0_RiS1_RPiS1_S1_S1_EET_yDpOT0_
                0x000000092626be6a      0x2cd build/main.o
                0x000000092626be6a                int invoke<int, float&, float&, float&, float&, int&, int&, int*&, int&, int&, int&>(unsigned long long, float&, float&, float&, float&, int&, int&, int*&, int&, int&, int&)
 .text._Z6invokeIiJRiS0_S0_S0_S0_S0_S0_S0_S0_EET_yDpOT0_
                0x000000092626c137      0x27a build/main.o
                0x000000092626c137                int invoke<int, int&, int&, int&, int&, int&, int&, int&, int&, int&>(unsigned long long, int&, int&, int&, int&, int&, int&, int&, int&, int&)
 .text._Z6invokeIiJRiS0_S0_S0_S0_S0_S0_EET_yDpOT0_
                0x000000092626c3b1      0x20e build/main.o
                0x000000092626c3b1                int invoke<int, int&, int&, int&, int&, int&, int&, int&>(unsigned long long, int&, int&, int&, int&, int&, int&, int&)
 .text._Z6invokeIiJRiS0_S0_S0_RfS1_S1_S1_S1_S1_S1_S1_S1_S1_EET_yDpOT0_
                0x000000092626c5bf      0x369 build/main.o
                0x000000092626c5bf                int invoke<int, int&, int&, int&, int&, float&, float&, float&, float&, float&, float&, float&, float&, float&, float&>(unsigned long long, int&, int&, int&, int&, float&, float&, float&, float&, float&, float&, float&, float&, float&, float&)
 .text._Z6invokeIPvJRiRfS2_S2_S2_S2_S2_S2_S1_S1_EET_yDpOT0_
                0x000000092626c928      0x2cb build/main.o
                0x000000092626c928                void* invoke<void*, int&, float&, float&, float&, float&, float&, float&, float&, int&, int&>(unsigned long long, int&, float&, float&, float&, float&, float&, float&, float&, int&, int&)
 .text._Z6invokeIPvJRiRfS2_S2_S2_S1_S1_EET_yDpOT0_
                0x000000092626cbf3      0x20e build/main.o
                0x000000092626cbf3                void* invoke<void*, int&, float&, float&, float&, float&, int&, int&>(unsigned long long, int&, float&, float&, float&, float&, int&, int&)
 .text._Z6invokeIPvJRiS1_RfS2_S2_S2_S1_EET_yDpOT0_
                0x000000092626ce01      0x20e build/main.o
                0x000000092626ce01                void* invoke<void*, int&, int&, float&, float&, float&, float&, int&>(unsigned long long, int&, int&, float&, float&, float&, float&, int&)
 .text._Z6invokeIPvJRiS1_RfS2_S2_S2_S2_S2_S2_S1_S1_EET_yDpOT0_
                0x000000092626d00f      0x2fe build/main.o
                0x000000092626d00f                void* invoke<void*, int&, int&, float&, float&, float&, float&, float&, float&, float&, int&, int&>(unsigned long long, int&, int&, float&, float&, float&, float&, float&, float&, float&, int&, int&)
 .text._Z6invokeIPvJRiRfS2_S2_S1_EET_yDpOT0_
                0x000000092626d30d      0x1a5 build/main.o
                0x000000092626d30d                void* invoke<void*, int&, float&, float&, float&, int&>(unsigned long long, int&, float&, float&, float&, int&)
 .text._Z6invokeIPvJRiS1_RfS2_S1_EET_yDpOT0_
                0x000000092626d4b2      0x1a5 build/main.o
                0x000000092626d4b2                void* invoke<void*, int&, int&, float&, float&, int&>(unsigned long long, int&, int&, float&, float&, int&)
 .text._Z6invokeIPvJRiS1_RfS2_S2_RPcEET_yDpOT0_
                0x000000092626d657      0x1dd build/main.o
                0x000000092626d657                void* invoke<void*, int&, int&, float&, float&, float&, char*&>(unsigned long long, int&, int&, float&, float&, float&, char*&)
 .text._Z6invokeIPvJRiS1_RfS2_RPiEET_yDpOT0_
                0x000000092626d834      0x1a7 build/main.o
                0x000000092626d834                void* invoke<void*, int&, int&, float&, float&, int*&>(unsigned long long, int&, int&, float&, float&, int*&)
 .text._Z6invokeIPvJRiS1_RfS2_S2_S2_S1_S2_RPiEET_yDpOT0_
                0x000000092626d9db      0x27c build/main.o
                0x000000092626d9db                void* invoke<void*, int&, int&, float&, float&, float&, float&, int&, float&, int*&>(unsigned long long, int&, int&, float&, float&, float&, float&, int&, float&, int*&)
 .text._Z6invokeIPvJRiS1_RfS2_S2_S2_S2_S1_S1_RPcEET_yDpOT0_
                0x000000092626dc57      0x2cd build/main.o
                0x000000092626dc57                void* invoke<void*, int&, int&, float&, float&, float&, float&, float&, int&, int&, char*&>(unsigned long long, int&, int&, float&, float&, float&, float&, float&, int&, int&, char*&)
 .text._Z6invokeIPvJRiRPcRfS4_EET_yDpOT0_
                0x000000092626df24      0x170 build/main.o
                0x000000092626df24                void* invoke<void*, int&, char*&, float&, float&>(unsigned long long, int&, char*&, float&, float&)
 .text._Z6invokeI7Vector3JRiS1_RfS2_S2_EET_yDpOT0_
                0x000000092626e094      0x1ae build/main.o
                0x000000092626e094                Vector3 invoke<Vector3, int&, int&, float&, float&, float&>(unsigned long long, int&, int&, float&, float&, float&)
 .text._Z6invokeIiJRfS0_S0_S0_S0_S0_RiS1_S1_S1_EET_yDpOT0_
                0x000000092626e242      0x2cb build/main.o
                0x000000092626e242                int invoke<int, float&, float&, float&, float&, float&, float&, int&, int&, int&, int&>(unsigned long long, float&, float&, float&, float&, float&, float&, int&, int&, int&, int&)
 .text._Z6invokeIPvJRfS1_S1_S1_RiEET_yDpOT0_
                0x000000092626e50d      0x1a5 build/main.o
                0x000000092626e50d                void* invoke<void*, float&, float&, float&, float&, int&>(unsigned long long, float&, float&, float&, float&, int&)
 .text._Z6invokeIPvJRiRPcS3_EET_yDpOT0_
                0x000000092626e6b2      0x135 build/main.o
                0x000000092626e6b2                void* invoke<void*, int&, char*&, char*&>(unsigned long long, int&, char*&, char*&)
 .text._Z6invokeIiJRfS0_S0_S0_EET_yDpOT0_
                0x000000092626e7e7      0x16e build/main.o
                0x000000092626e7e7                int invoke<int, float&, float&, float&, float&>(unsigned long long, float&, float&, float&, float&)
 .text._Z6invokeIiJRfS0_S0_S0_RiEET_yDpOT0_
                0x000000092626e955      0x1a5 build/main.o
                0x000000092626e955                int invoke<int, float&, float&, float&, float&, int&>(unsigned long long, float&, float&, float&, float&, int&)
 .text._Z6invokeIPvJRiRfS2_S2_S2_S2_S2_S1_EET_yDpOT0_
                0x000000092626eafa      0x247 build/main.o
                0x000000092626eafa                void* invoke<void*, int&, float&, float&, float&, float&, float&, float&, int&>(unsigned long long, int&, float&, float&, float&, float&, float&, float&, int&)
 .text._Z6invokeIiJRiS0_S0_S0_S0_EET_yDpOT0_
                0x000000092626ed41      0x1a5 build/main.o
                0x000000092626ed41                int invoke<int, int&, int&, int&, int&, int&>(unsigned long long, int&, int&, int&, int&, int&)
 .text._Z6invokeIiJRiRPiS2_EET_yDpOT0_
                0x000000092626eee6      0x135 build/main.o
                0x000000092626eee6                int invoke<int, int&, int*&, int*&>(unsigned long long, int&, int*&, int*&)
 .text._Z6invokeIiJRiRPiS0_EET_yDpOT0_
                0x000000092626f01b      0x133 build/main.o
                0x000000092626f01b                int invoke<int, int&, int*&, int&>(unsigned long long, int&, int*&, int&)
 .text._Z6invokeIPvJRiS1_S1_RPcEET_yDpOT0_
                0x000000092626f14e      0x170 build/main.o
                0x000000092626f14e                void* invoke<void*, int&, int&, int&, char*&>(unsigned long long, int&, int&, int&, char*&)
 .text._Z6invokeIPvJRfS1_S1_S1_S1_RiS1_S2_EET_yDpOT0_
                0x000000092626f2be      0x247 build/main.o
                0x000000092626f2be                void* invoke<void*, float&, float&, float&, float&, float&, int&, float&, int&>(unsigned long long, float&, float&, float&, float&, float&, int&, float&, int&)
 .text._Z6invokeIPvJRfS1_S1_S1_S1_S1_S1_RiS1_S2_EET_yDpOT0_
                0x000000092626f505      0x2cb build/main.o
                0x000000092626f505                void* invoke<void*, float&, float&, float&, float&, float&, float&, float&, int&, float&, int&>(unsigned long long, float&, float&, float&, float&, float&, float&, float&, int&, float&, int&)
 .text._Z6invokeIPvJRiS1_S1_S1_RfS2_S2_S1_S1_S1_EET_yDpOT0_
                0x000000092626f7d0      0x2cb build/main.o
                0x000000092626f7d0                void* invoke<void*, int&, int&, int&, int&, float&, float&, float&, int&, int&, int&>(unsigned long long, int&, int&, int&, int&, float&, float&, float&, int&, int&, int&)
 .text._Z6invokeIPvJRPcEET_yDpOT0_
                0x000000092626fa9b       0xbf build/main.o
                0x000000092626fa9b                void* invoke<void*, char*&>(unsigned long long, char*&)
 .text._Z6invokeIiJRPcEET_yDpOT0_
                0x000000092626fb5a       0xbf build/main.o
                0x000000092626fb5a                int invoke<int, char*&>(unsigned long long, char*&)
 .text._Z6invokeIPvJRiS1_RPiEET_yDpOT0_
                0x000000092626fc19      0x133 build/main.o
                0x000000092626fc19                void* invoke<void*, int&, int&, int*&>(unsigned long long, int&, int&, int*&)
 .text._Z6invokeIiJRiS0_RfS1_S1_S1_EET_yDpOT0_
                0x000000092626fd4c      0x1db build/main.o
                0x000000092626fd4c                int invoke<int, int&, int&, float&, float&, float&, float&>(unsigned long long, int&, int&, float&, float&, float&, float&)
 .text._Z6invokeIiJRiRfS1_S1_S1_S0_S0_EET_yDpOT0_
                0x000000092626ff27      0x20e build/main.o
                0x000000092626ff27                int invoke<int, int&, float&, float&, float&, float&, int&, int&>(unsigned long long, int&, float&, float&, float&, float&, int&, int&)
 .text._Z6invokeIiJRfS0_S0_S0_S0_S0_RiS1_S1_S1_S1_S1_S1_S1_S1_S1_S1_EET_yDpOT0_
                0x0000000926270135      0x402 build/main.o
                0x0000000926270135                int invoke<int, float&, float&, float&, float&, float&, float&, int&, int&, int&, int&, int&, int&, int&, int&, int&, int&, int&>(unsigned long long, float&, float&, float&, float&, float&, float&, int&, int&, int&, int&, int&, int&, int&, int&, int&, int&, int&)
 .text._Z6invokeIPvJRfS1_S1_S1_S1_S1_RiS2_EET_yDpOT0_
                0x0000000926270537      0x247 build/main.o
                0x0000000926270537                void* invoke<void*, float&, float&, float&, float&, float&, float&, int&, int&>(unsigned long long, float&, float&, float&, float&, float&, float&, int&, int&)
 .text._Z6invokeIPvJRfS1_S1_S1_EET_yDpOT0_
                0x000000092627077e      0x16e build/main.o
                0x000000092627077e                void* invoke<void*, float&, float&, float&, float&>(unsigned long long, float&, float&, float&, float&)
 .text._Z6invokeIiJRPcRiEET_yDpOT0_
                0x00000009262708ec       0xfc build/main.o
                0x00000009262708ec                int invoke<int, char*&, int&>(unsigned long long, char*&, int&)
 .text._Z6invokeIPvJRiS1_RfS2_S2_EET_yDpOT0_
                0x00000009262709e8      0x1a5 build/main.o
                0x00000009262709e8                void* invoke<void*, int&, int&, float&, float&, float&>(unsigned long long, int&, int&, float&, float&, float&)
 .text._Z6invokeIPvJRiRfS1_S1_EET_yDpOT0_
                0x0000000926270b8d      0x16e build/main.o
                0x0000000926270b8d                void* invoke<void*, int&, float&, int&, int&>(unsigned long long, int&, float&, int&, int&)
 .text._Z6invokeIPvJRiS1_RfS2_S2_S2_S2_S2_S2_S2_S2_S2_EET_yDpOT0_
                0x0000000926270cfb      0x305 build/main.o
                0x0000000926270cfb                void* invoke<void*, int&, int&, float&, float&, float&, float&, float&, float&, float&, float&, float&, float&>(unsigned long long, int&, int&, float&, float&, float&, float&, float&, float&, float&, float&, float&, float&)
 .text._Z6invokeI7Vector3JRiRfEET_yDpOT0_
                0x0000000926271000      0x10a build/main.o
                0x0000000926271000                Vector3 invoke<Vector3, int&, float&>(unsigned long long, int&, float&)
 .text._Z6invokeI7Vector3JRiRfRPcEET_yDpOT0_
                0x000000092627110a      0x143 build/main.o
                0x000000092627110a                Vector3 invoke<Vector3, int&, float&, char*&>(unsigned long long, int&, float&, char*&)
 .text._Z6invokeI7Vector3JRiRfRPiEET_yDpOT0_
                0x000000092627124d      0x143 build/main.o
                0x000000092627124d                Vector3 invoke<Vector3, int&, float&, int*&>(unsigned long long, int&, float&, int*&)
 .text._Z6invokeIPvJRiS1_RPcS1_EET_yDpOT0_
                0x0000000926271390      0x170 build/main.o
                0x0000000926271390                void* invoke<void*, int&, int&, char*&, int&>(unsigned long long, int&, int&, char*&, int&)
 .text._Z6invokeIPvJRiS1_RPcS1_S1_S1_EET_yDpOT0_
                0x0000000926271500      0x1dd build/main.o
                0x0000000926271500                void* invoke<void*, int&, int&, char*&, int&, int&, int&>(unsigned long long, int&, int&, char*&, int&, int&, int&)
 .text._Z6invokeIPvJRiS1_RPiRfS1_EET_yDpOT0_
                0x00000009262716dd      0x1a7 build/main.o
                0x00000009262716dd                void* invoke<void*, int&, int&, int*&, float&, int&>(unsigned long long, int&, int&, int*&, float&, int&)
 .text._Z6invokeIPvJRiRfS1_S1_S1_S1_S1_EET_yDpOT0_
                0x0000000926271884      0x20e build/main.o
                0x0000000926271884                void* invoke<void*, int&, float&, int&, int&, int&, int&, int&>(unsigned long long, int&, float&, int&, int&, int&, int&, int&)
 .text._Z6invokeIiJRfS0_S0_S0_RiS1_EET_yDpOT0_
                0x0000000926271a92      0x1db build/main.o
                0x0000000926271a92                int invoke<int, float&, float&, float&, float&, int&, int&>(unsigned long long, float&, float&, float&, float&, int&, int&)
 .text._Z6invokeIiJRfS0_S0_S0_RiS1_S1_EET_yDpOT0_
                0x0000000926271c6d      0x20e build/main.o
                0x0000000926271c6d                int invoke<int, float&, float&, float&, float&, int&, int&, int&>(unsigned long long, float&, float&, float&, float&, int&, int&, int&)
 .text._Z6invokeIPvJRPiRiEET_yDpOT0_
                0x0000000926271e7b       0xfc build/main.o
                0x0000000926271e7b                void* invoke<void*, int*&, int&>(unsigned long long, int*&, int&)
 .text._Z6invokeIPvJRiRfS2_EET_yDpOT0_
                0x0000000926271f77      0x131 build/main.o
                0x0000000926271f77                void* invoke<void*, int&, float&, float&>(unsigned long long, int&, float&, float&)
 .text._Z6invokeIPvJRfS1_S1_S1_S1_S1_RiEET_yDpOT0_
                0x00000009262720a8      0x20e build/main.o
                0x00000009262720a8                void* invoke<void*, float&, float&, float&, float&, float&, float&, int&>(unsigned long long, float&, float&, float&, float&, float&, float&, int&)
 .text._Z6invokeIPvJRiRfS2_S2_S2_S2_S1_EET_yDpOT0_
                0x00000009262722b6      0x20e build/main.o
                0x00000009262722b6                void* invoke<void*, int&, float&, float&, float&, float&, float&, int&>(unsigned long long, int&, float&, float&, float&, float&, float&, int&)
 .text._Z6invokeIPvJRiS1_S1_RfS2_S2_EET_yDpOT0_
                0x00000009262724c4      0x1db build/main.o
                0x00000009262724c4                void* invoke<void*, int&, int&, int&, float&, float&, float&>(unsigned long long, int&, int&, int&, float&, float&, float&)
 .text._Z6invokeIiJRP7Vector3RiS2_S3_S3_S3_S3_S3_S3_EET_yDpOT0_
                0x000000092627269f      0x27e build/main.o
                0x000000092627269f                int invoke<int, Vector3*&, int&, Vector3*&, int&, int&, int&, int&, int&, int&>(unsigned long long, Vector3*&, int&, Vector3*&, int&, int&, int&, int&, int&, int&)
 .text._Z6invokeIiJRfS0_S0_S0_S0_RiEET_yDpOT0_
                0x000000092627291d      0x1db build/main.o
                0x000000092627291d                int invoke<int, float&, float&, float&, float&, float&, int&>(unsigned long long, float&, float&, float&, float&, float&, int&)
 .text._Z6invokeIPcJRiS1_EET_yDpOT0_
                0x0000000926272af8       0xfa build/main.o
                0x0000000926272af8                char* invoke<char*, int&, int&>(unsigned long long, int&, int&)
 .text._Z6invokeIPcJRiS1_S1_EET_yDpOT0_
                0x0000000926272bf2      0x131 build/main.o
                0x0000000926272bf2                char* invoke<char*, int&, int&, int&>(unsigned long long, int&, int&, int&)
 .text._Z6invokeIfJRiS0_S0_EET_yDpOT0_
                0x0000000926272d23      0x131 build/main.o
                0x0000000926272d23                float invoke<float, int&, int&, int&>(unsigned long long, int&, int&, int&)
 .text._Z6invokeIiJRfS0_S0_S0_S0_S0_S0_EET_yDpOT0_
                0x0000000926272e54      0x20e build/main.o
                0x0000000926272e54                int invoke<int, float&, float&, float&, float&, float&, float&, float&>(unsigned long long, float&, float&, float&, float&, float&, float&, float&)
 .text._Z6invokeIPvJRiRfS2_S1_EET_yDpOT0_
                0x0000000926273062      0x16e build/main.o
                0x0000000926273062                void* invoke<void*, int&, float&, float&, int&>(unsigned long long, int&, float&, float&, int&)
 .text._Z6invokeIPvJRiRP7Vector3S4_EET_yDpOT0_
                0x00000009262731d0      0x135 build/main.o
                0x00000009262731d0                void* invoke<void*, int&, Vector3*&, Vector3*&>(unsigned long long, int&, Vector3*&, Vector3*&)
 .text._Z6invokeIiJRiRfS1_S1_S0_S0_S0_EET_yDpOT0_
                0x0000000926273305      0x20e build/main.o
                0x0000000926273305                int invoke<int, int&, float&, float&, float&, int&, int&, int&>(unsigned long long, int&, float&, float&, float&, int&, int&, int&)
 .text._Z6invokeIiJRiRfS1_S1_S1_S1_S1_S0_EET_yDpOT0_
                0x0000000926273513      0x247 build/main.o
                0x0000000926273513                int invoke<int, int&, float&, float&, float&, float&, float&, float&, int&>(unsigned long long, int&, float&, float&, float&, float&, float&, float&, int&)
 .text._Z6invokeIiJRfS0_S0_S0_RiS1_S1_S1_EET_yDpOT0_
                0x000000092627375a      0x247 build/main.o
                0x000000092627375a                int invoke<int, float&, float&, float&, float&, int&, int&, int&, int&>(unsigned long long, float&, float&, float&, float&, int&, int&, int&, int&)
 .text._Z6invokeI7Vector3JRfS1_S1_S1_S1_S1_S1_EET_yDpOT0_
                0x00000009262739a1      0x21a build/main.o
                0x00000009262739a1                Vector3 invoke<Vector3, float&, float&, float&, float&, float&, float&, float&>(unsigned long long, float&, float&, float&, float&, float&, float&, float&)
 .text._Z6invokeIiJRiRfS0_S1_S1_S1_RP7Vector3S0_EET_yDpOT0_
                0x0000000926273bbb      0x249 build/main.o
                0x0000000926273bbb                int invoke<int, int&, float&, int&, float&, float&, float&, Vector3*&, int&>(unsigned long long, int&, float&, int&, float&, float&, float&, Vector3*&, int&)
 .text._Z6invokeIPvJRiRfS2_S2_S1_S2_S1_EET_yDpOT0_
                0x0000000926273e04      0x20e build/main.o
                0x0000000926273e04                void* invoke<void*, int&, float&, float&, float&, int&, float&, int&>(unsigned long long, int&, float&, float&, float&, int&, float&, int&)
 .text._Z6invokeIPvJRiRfS2_S2_RPiRPfEET_yDpOT0_
                0x0000000926274012      0x1df build/main.o
                0x0000000926274012                void* invoke<void*, int&, float&, float&, float&, int*&, float*&>(unsigned long long, int&, float&, float&, float&, int*&, float*&)
 .text._Z6invokeIPvJRiRfS2_S2_S1_S2_S2_S2_EET_yDpOT0_
                0x00000009262741f1      0x247 build/main.o
                0x00000009262741f1                void* invoke<void*, int&, float&, float&, float&, int&, float&, float&, float&>(unsigned long long, int&, float&, float&, float&, int&, float&, float&, float&)
 .text._Z6invokeIPvJRiS1_RfS2_S2_S1_S1_S1_EET_yDpOT0_
                0x0000000926274438      0x247 build/main.o
                0x0000000926274438                void* invoke<void*, int&, int&, float&, float&, float&, int&, int&, int&>(unsigned long long, int&, int&, float&, float&, float&, int&, int&, int&)
 .text._Z6invokeIiJRfS0_S0_RiRPiEET_yDpOT0_
                0x000000092627467f      0x1a7 build/main.o
                0x000000092627467f                int invoke<int, float&, float&, float&, int&, int*&>(unsigned long long, float&, float&, float&, int&, int*&)
 .text._Z6invokeIiJRiS0_RfS0_EET_yDpOT0_
                0x0000000926274826      0x16e build/main.o
                0x0000000926274826                int invoke<int, int&, int&, float&, int&>(unsigned long long, int&, int&, float&, int&)
 .text._Z6invokeIiJRfS0_S0_S0_S0_S0_S0_S0_S0_S0_RiS1_EET_yDpOT0_
                0x0000000926274994      0x305 build/main.o
                0x0000000926274994                int invoke<int, float&, float&, float&, float&, float&, float&, float&, float&, float&, float&, int&, int&>(unsigned long long, float&, float&, float&, float&, float&, float&, float&, float&, float&, float&, int&, int&)
 .text._Z6invokeIPvJRiRfS2_S2_S2_S2_S2_S2_S2_S2_S2_S2_EET_yDpOT0_
                0x0000000926274c99      0x305 build/main.o
                0x0000000926274c99                void* invoke<void*, int&, float&, float&, float&, float&, float&, float&, float&, float&, float&, float&, float&>(unsigned long long, int&, float&, float&, float&, float&, float&, float&, float&, float&, float&, float&, float&)
 .text._Z6invokeIiJRfS0_S0_S0_RPcEET_yDpOT0_
                0x0000000926274f9e      0x1a7 build/main.o
                0x0000000926274f9e                int invoke<int, float&, float&, float&, float&, char*&>(unsigned long long, float&, float&, float&, float&, char*&)
 .text._Z6invokeIiJRiRfS1_S1_S0_S0_S0_S0_EET_yDpOT0_
                0x0000000926275145      0x247 build/main.o
                0x0000000926275145                int invoke<int, int&, float&, float&, float&, int&, int&, int&, int&>(unsigned long long, int&, float&, float&, float&, int&, int&, int&, int&)
 .text._Z6invokeIiJRiRfS1_S1_S1_S1_S1_S0_S0_S0_S0_S0_EET_yDpOT0_
                0x000000092627538c      0x305 build/main.o
                0x000000092627538c                int invoke<int, int&, float&, float&, float&, float&, float&, float&, int&, int&, int&, int&, int&>(unsigned long long, int&, float&, float&, float&, float&, float&, float&, int&, int&, int&, int&, int&)
 .text._Z6invokeIiJRiRfS1_S1_S0_S0_S0_S0_S0_EET_yDpOT0_
                0x0000000926275691      0x27a build/main.o
                0x0000000926275691                int invoke<int, int&, float&, float&, float&, int&, int&, int&, int&, int&>(unsigned long long, int&, float&, float&, float&, int&, int&, int&, int&, int&)
 .text._Z6invokeIiJRiRfS1_S1_S0_S0_EET_yDpOT0_
                0x000000092627590b      0x1db build/main.o
                0x000000092627590b                int invoke<int, int&, float&, float&, float&, int&, int&>(unsigned long long, int&, float&, float&, float&, int&, int&)
 .text._Z6invokeI7Vector3JRfS1_S1_RiS2_EET_yDpOT0_
                0x0000000926275ae6      0x1ae build/main.o
                0x0000000926275ae6                Vector3 invoke<Vector3, float&, float&, float&, int&, int&>(unsigned long long, float&, float&, float&, int&, int&)
 .text._Z6invokeIPvJRfS1_S1_RiEET_yDpOT0_
                0x0000000926275c94      0x16e build/main.o
                0x0000000926275c94                void* invoke<void*, float&, float&, float&, int&>(unsigned long long, float&, float&, float&, int&)
 .text._Z6invokeIPvJRiS1_S1_S1_RfEET_yDpOT0_
                0x0000000926275e02      0x1a5 build/main.o
                0x0000000926275e02                void* invoke<void*, int&, int&, int&, int&, float&>(unsigned long long, int&, int&, int&, int&, float&)
 .text._Z6invokeIPvJRiS1_S1_S1_RfS1_S1_EET_yDpOT0_
                0x0000000926275fa7      0x20e build/main.o
                0x0000000926275fa7                void* invoke<void*, int&, int&, int&, int&, float&, int&, int&>(unsigned long long, int&, int&, int&, int&, float&, int&, int&)
 .text._Z6invokeIPvJRiS1_RfS2_S2_S2_S1_S1_S1_S2_S2_EET_yDpOT0_
                0x00000009262761b5      0x2fe build/main.o
                0x00000009262761b5                void* invoke<void*, int&, int&, float&, float&, float&, float&, int&, int&, int&, float&, float&>(unsigned long long, int&, int&, float&, float&, float&, float&, int&, int&, int&, float&, float&)
 .text._Z6invokeIPvJRiS1_RfS2_S2_S2_S1_S2_EET_yDpOT0_
                0x00000009262764b3      0x247 build/main.o
                0x00000009262764b3                void* invoke<void*, int&, int&, float&, float&, float&, float&, int&, float&>(unsigned long long, int&, int&, float&, float&, float&, float&, int&, float&)
 .text._Z6invokeIPvJRiS1_RfS1_EET_yDpOT0_
                0x00000009262766fa      0x16e build/main.o
                0x00000009262766fa                void* invoke<void*, int&, int&, float&, int&>(unsigned long long, int&, int&, float&, int&)
 .text._Z6invokeIPvJRiS1_RfS2_S2_S2_S1_S2_S1_EET_yDpOT0_
                0x0000000926276868      0x27a build/main.o
                0x0000000926276868                void* invoke<void*, int&, int&, float&, float&, float&, float&, int&, float&, int&>(unsigned long long, int&, int&, float&, float&, float&, float&, int&, float&, int&)
 .text._Z6invokeIPvJRiRfS2_S2_S2_S1_S2_S2_EET_yDpOT0_
                0x0000000926276ae2      0x247 build/main.o
                0x0000000926276ae2                void* invoke<void*, int&, float&, float&, float&, float&, int&, float&, float&>(unsigned long long, int&, float&, float&, float&, float&, int&, float&, float&)
 .text._Z6invokeIPvJRiS1_S1_RfS2_S2_S1_EET_yDpOT0_
                0x0000000926276d29      0x20e build/main.o
                0x0000000926276d29                void* invoke<void*, int&, int&, int&, float&, float&, float&, int&>(unsigned long long, int&, int&, int&, float&, float&, float&, int&)
 .text._Z6invokeIPvJRiS1_RfS1_S1_S1_EET_yDpOT0_
                0x0000000926276f37      0x1db build/main.o
                0x0000000926276f37                void* invoke<void*, int&, int&, float&, int&, int&, int&>(unsigned long long, int&, int&, float&, int&, int&, int&)
 .text._Z6invokeIPvJRiRfS2_S2_S2_S2_S2_EET_yDpOT0_
                0x0000000926277112      0x20e build/main.o
                0x0000000926277112                void* invoke<void*, int&, float&, float&, float&, float&, float&, float&>(unsigned long long, int&, float&, float&, float&, float&, float&, float&)
 .text._Z6invokeIPvJRiS1_S1_RfS1_EET_yDpOT0_
                0x0000000926277320      0x1a5 build/main.o
                0x0000000926277320                void* invoke<void*, int&, int&, int&, float&, int&>(unsigned long long, int&, int&, int&, float&, int&)
 .text._Z6invokeIPvJRiRfS2_S2_S2_S1_S2_S1_S2_EET_yDpOT0_
                0x00000009262774c5      0x27a build/main.o
                0x00000009262774c5                void* invoke<void*, int&, float&, float&, float&, float&, int&, float&, int&, float&>(unsigned long long, int&, float&, float&, float&, float&, int&, float&, int&, float&)
 .text._Z6invokeIPvJRiRfS2_S2_S2_S1_S2_S1_S2_S2_S2_S2_EET_yDpOT0_
                0x000000092627773f      0x305 build/main.o
                0x000000092627773f                void* invoke<void*, int&, float&, float&, float&, float&, int&, float&, int&, float&, float&, float&, float&>(unsigned long long, int&, float&, float&, float&, float&, int&, float&, int&, float&, float&, float&, float&)
 .text._Z6invokeIiJRiRPfRPiEET_yDpOT0_
                0x0000000926277a44      0x135 build/main.o
                0x0000000926277a44                int invoke<int, int&, float*&, int*&>(unsigned long long, int&, float*&, int*&)
 .text._Z6invokeIPvJRiRfS2_S2_S2_S1_S1_S1_S2_EET_yDpOT0_
                0x0000000926277b79      0x27a build/main.o
                0x0000000926277b79                void* invoke<void*, int&, float&, float&, float&, float&, int&, int&, int&, float&>(unsigned long long, int&, float&, float&, float&, float&, int&, int&, int&, float&)
 .text._Z6invokeIPvJRiRfS2_S2_S2_S1_S1_S1_S2_S1_S1_S1_EET_yDpOT0_
                0x0000000926277df3      0x305 build/main.o
                0x0000000926277df3                void* invoke<void*, int&, float&, float&, float&, float&, int&, int&, int&, float&, int&, int&, int&>(unsigned long long, int&, float&, float&, float&, float&, int&, int&, int&, float&, int&, int&, int&)
 .text._Z6invokeIPvJRiRfS2_S2_S2_S1_S1_S1_S2_S1_S1_S1_S1_EET_yDpOT0_
                0x00000009262780f8      0x32e build/main.o
                0x00000009262780f8                void* invoke<void*, int&, float&, float&, float&, float&, int&, int&, int&, float&, int&, int&, int&, int&>(unsigned long long, int&, float&, float&, float&, float&, int&, int&, int&, float&, int&, int&, int&, int&)
 .text._Z6invokeIPvJRiRPcS3_RfS4_S1_S1_S4_S1_S1_S1_EET_yDpOT0_
                0x0000000926278426      0x302 build/main.o
                0x0000000926278426                void* invoke<void*, int&, char*&, char*&, float&, float&, int&, int&, float&, int&, int&, int&>(unsigned long long, int&, char*&, char*&, float&, float&, int&, int&, float&, int&, int&, int&)
 .text._Z6invokeIPvJRiRPcS3_RfS4_S4_S4_S4_S4_S4_S4_S1_S1_S4_S1_S1_EET_yDpOT0_
                0x0000000926278728      0x3dd build/main.o
                0x0000000926278728                void* invoke<void*, int&, char*&, char*&, float&, float&, float&, float&, float&, float&, float&, float&, int&, int&, float&, int&, int&>(unsigned long long, int&, char*&, char*&, float&, float&, float&, float&, float&, float&, float&, float&, int&, int&, float&, int&, int&)
 .text._Z6invokeIPvJRiRPiS3_S3_RfS4_EET_yDpOT0_
                0x0000000926278b05      0x1e1 build/main.o
                0x0000000926278b05                void* invoke<void*, int&, int*&, int*&, int*&, float&, float&>(unsigned long long, int&, int*&, int*&, int*&, float&, float&)
 .text._Z6invokeIPvJRiRfS1_S1_S1_EET_yDpOT0_
                0x0000000926278ce6      0x1a5 build/main.o
                0x0000000926278ce6                void* invoke<void*, int&, float&, int&, int&, int&>(unsigned long long, int&, float&, int&, int&, int&)
 .text._Z6invokeIPvJRiRPcS3_S3_RfS4_S1_S1_EET_yDpOT0_
                0x0000000926278e8b      0x24d build/main.o
                0x0000000926278e8b                void* invoke<void*, int&, char*&, char*&, char*&, float&, float&, int&, int&>(unsigned long long, int&, char*&, char*&, char*&, float&, float&, int&, int&)
 .text._Z6invokeIPvJRiS1_RfS2_S2_S1_EET_yDpOT0_
                0x00000009262790d8      0x1db build/main.o
                0x00000009262790d8                void* invoke<void*, int&, int&, float&, float&, float&, int&>(unsigned long long, int&, int&, float&, float&, float&, int&)
 .text._Z6invokeIPvJRiS1_S1_RfS2_S2_S2_S1_EET_yDpOT0_
                0x00000009262792b3      0x247 build/main.o
                0x00000009262792b3                void* invoke<void*, int&, int&, int&, float&, float&, float&, float&, int&>(unsigned long long, int&, int&, int&, float&, float&, float&, float&, int&)
 .text._Z6invokeIPvJRiS1_S1_S1_RfS1_S2_S2_S1_EET_yDpOT0_
                0x00000009262794fa      0x27a build/main.o
                0x00000009262794fa                void* invoke<void*, int&, int&, int&, int&, float&, int&, float&, float&, int&>(unsigned long long, int&, int&, int&, int&, float&, int&, float&, float&, int&)
 .text._Z6invokeIPvJRiS1_RfS2_S2_S1_S1_S1_S2_S2_S1_EET_yDpOT0_
                0x0000000926279774      0x2fe build/main.o
                0x0000000926279774                void* invoke<void*, int&, int&, float&, float&, float&, int&, int&, int&, float&, float&, int&>(unsigned long long, int&, int&, float&, float&, float&, int&, int&, int&, float&, float&, int&)
 .text._Z6invokeIPvJRiS1_S1_S1_RfS1_S2_S1_S2_EET_yDpOT0_
                0x0000000926279a72      0x27a build/main.o
                0x0000000926279a72                void* invoke<void*, int&, int&, int&, int&, float&, int&, float&, int&, float&>(unsigned long long, int&, int&, int&, int&, float&, int&, float&, int&, float&)
 .text._Z6invokeIPvJRiS1_S1_S1_RfS1_EET_yDpOT0_
                0x0000000926279cec      0x1db build/main.o
                0x0000000926279cec                void* invoke<void*, int&, int&, int&, int&, float&, int&>(unsigned long long, int&, int&, int&, int&, float&, int&)
 .text._Z6invokeIPvJRiS1_S1_RfS1_S2_S1_S1_EET_yDpOT0_
                0x0000000926279ec7      0x247 build/main.o
                0x0000000926279ec7                void* invoke<void*, int&, int&, int&, float&, int&, float&, int&, int&>(unsigned long long, int&, int&, int&, float&, int&, float&, int&, int&)
 .text._Z6invokeIPvJRiS1_RfS2_S2_S2_S2_S2_EET_yDpOT0_
                0x000000092627a10e      0x247 build/main.o
                0x000000092627a10e                void* invoke<void*, int&, int&, float&, float&, float&, float&, float&, float&>(unsigned long long, int&, int&, float&, float&, float&, float&, float&, float&)
 .text._Z6invokeIPvJRiS1_S1_S1_RfS2_S2_S1_S2_S2_S2_S1_S1_S1_S1_EET_yDpOT0_
                0x000000092627a355      0x392 build/main.o
                0x000000092627a355                void* invoke<void*, int&, int&, int&, int&, float&, float&, float&, int&, float&, float&, float&, int&, int&, int&, int&>(unsigned long long, int&, int&, int&, int&, float&, float&, float&, int&, float&, float&, float&, int&, int&, int&, int&)
 .text._Z6invokeIPvJRiS1_S1_S1_RfS2_S2_S1_S2_S2_S2_S2_S2_EET_yDpOT0_
                0x000000092627a6e7      0x32e build/main.o
                0x000000092627a6e7                void* invoke<void*, int&, int&, int&, int&, float&, float&, float&, int&, float&, float&, float&, float&, float&>(unsigned long long, int&, int&, int&, int&, float&, float&, float&, int&, float&, float&, float&, float&, float&)
 .text._Z6invokeIPvJRiS1_S1_S1_RfS2_S2_S1_S2_S1_S2_S1_EET_yDpOT0_
                0x000000092627aa15      0x305 build/main.o
                0x000000092627aa15                void* invoke<void*, int&, int&, int&, int&, float&, float&, float&, int&, float&, int&, float&, int&>(unsigned long long, int&, int&, int&, int&, float&, float&, float&, int&, float&, int&, float&, int&)
 .text._Z6invokeIPvJRiS1_S1_RfS2_S2_S2_S1_S1_S1_EET_yDpOT0_
                0x000000092627ad1a      0x2cb build/main.o
                0x000000092627ad1a                void* invoke<void*, int&, int&, int&, float&, float&, float&, float&, int&, int&, int&>(unsigned long long, int&, int&, int&, float&, float&, float&, float&, int&, int&, int&)
 .text._Z6invokeIPvJRiS1_S1_RfS2_S2_S2_S2_EET_yDpOT0_
                0x000000092627afe5      0x247 build/main.o
                0x000000092627afe5                void* invoke<void*, int&, int&, int&, float&, float&, float&, float&, float&>(unsigned long long, int&, int&, int&, float&, float&, float&, float&, float&)
 .text._Z6invokeIPvJRiS1_RfS2_EET_yDpOT0_
                0x000000092627b22c      0x16e build/main.o
                0x000000092627b22c                void* invoke<void*, int&, int&, float&, float&>(unsigned long long, int&, int&, float&, float&)
 .text._Z6invokeIPvJRiS1_RfS2_S2_S1_S1_EET_yDpOT0_
                0x000000092627b39a      0x20e build/main.o
                0x000000092627b39a                void* invoke<void*, int&, int&, float&, float&, float&, int&, int&>(unsigned long long, int&, int&, float&, float&, float&, int&, int&)
 .text._Z6invokeIPvJRiRfS2_S2_S2_S2_S2_S1_S1_EET_yDpOT0_
                0x000000092627b5a8      0x27a build/main.o
                0x000000092627b5a8                void* invoke<void*, int&, float&, float&, float&, float&, float&, float&, int&, int&>(unsigned long long, int&, float&, float&, float&, float&, float&, float&, int&, int&)
 .text._Z6invokeIPvJRiRfS2_S2_S1_S1_S2_S1_S1_S1_S1_EET_yDpOT0_
                0x000000092627b822      0x2fe build/main.o
                0x000000092627b822                void* invoke<void*, int&, float&, float&, float&, int&, int&, float&, int&, int&, int&, int&>(unsigned long long, int&, float&, float&, float&, int&, int&, float&, int&, int&, int&, int&)
 .text._Z6invokeIPvJRiRfS2_S2_S2_S2_S1_S2_S2_S2_S2_EET_yDpOT0_
                0x000000092627bb20      0x2fe build/main.o
                0x000000092627bb20                void* invoke<void*, int&, float&, float&, float&, float&, float&, int&, float&, float&, float&, float&>(unsigned long long, int&, float&, float&, float&, float&, float&, int&, float&, float&, float&, float&)
 .text._Z6invokeIPvJRiRfS2_S2_S2_RPcEET_yDpOT0_
                0x000000092627be1e      0x1dd build/main.o
                0x000000092627be1e                void* invoke<void*, int&, float&, float&, float&, float&, char*&>(unsigned long long, int&, float&, float&, float&, float&, char*&)
 .text._Z6invokeIPvJRfS1_S1_S1_S1_S1_RiS2_S2_S2_EET_yDpOT0_
                0x000000092627bffb      0x2cb build/main.o
                0x000000092627bffb                void* invoke<void*, float&, float&, float&, float&, float&, float&, int&, int&, int&, int&>(unsigned long long, float&, float&, float&, float&, float&, float&, int&, int&, int&, int&)
 .text._Z6invokeIPvJRiRPcS1_S1_EET_yDpOT0_
                0x000000092627c2c6      0x170 build/main.o
                0x000000092627c2c6                void* invoke<void*, int&, char*&, int&, int&>(unsigned long long, int&, char*&, int&, int&)
 .text._Z6invokeIPvJRiRPcRfS4_S4_S4_S1_S1_S1_EET_yDpOT0_
                0x000000092627c436      0x27c build/main.o
                0x000000092627c436                void* invoke<void*, int&, char*&, float&, float&, float&, float&, int&, int&, int&>(unsigned long long, int&, char*&, float&, float&, float&, float&, int&, int&, int&)
 .text._Z6invokeIPvJRiRfS2_S2_S2_S1_EET_yDpOT0_
                0x000000092627c6b2      0x1db build/main.o
                0x000000092627c6b2                void* invoke<void*, int&, float&, float&, float&, float&, int&>(unsigned long long, int&, float&, float&, float&, float&, int&)
 .text._Z6invokeIiJRfS0_S0_RPiS0_RiEET_yDpOT0_
                0x000000092627c88d      0x1dd build/main.o
                0x000000092627c88d                int invoke<int, float&, float&, float&, int*&, float&, int&>(unsigned long long, float&, float&, float&, int*&, float&, int&)
 .text._Z6invokeIPvJRiRPcRfS4_S4_S4_S4_S4_S1_EET_yDpOT0_
                0x000000092627ca6a      0x27c build/main.o
                0x000000092627ca6a                void* invoke<void*, int&, char*&, float&, float&, float&, float&, float&, float&, int&>(unsigned long long, int&, char*&, float&, float&, float&, float&, float&, float&, int&)
 .text._Z6invokeIPvJRiRPcS1_S1_S1_EET_yDpOT0_
                0x000000092627cce6      0x1a7 build/main.o
                0x000000092627cce6                void* invoke<void*, int&, char*&, int&, int&, int&>(unsigned long long, int&, char*&, int&, int&, int&)
 .text._Z6invokeIPvJRiRfS2_S2_S2_S2_S2_S2_S1_S2_S2_S1_S1_S1_S1_EET_yDpOT0_
                0x000000092627ce8d      0x392 build/main.o
                0x000000092627ce8d                void* invoke<void*, int&, float&, float&, float&, float&, float&, float&, float&, int&, float&, float&, int&, int&, int&, int&>(unsigned long long, int&, float&, float&, float&, float&, float&, float&, float&, int&, float&, float&, int&, int&, int&, int&)
 .text._Z6invokeIPvJRiRfS2_S2_S1_S2_S1_S2_S2_S1_S1_S1_S1_S1_EET_yDpOT0_
                0x000000092627d21f      0x369 build/main.o
                0x000000092627d21f                void* invoke<void*, int&, float&, float&, float&, int&, float&, int&, float&, float&, int&, int&, int&, int&, int&>(unsigned long long, int&, float&, float&, float&, int&, float&, int&, float&, float&, int&, int&, int&, int&, int&)
 .text._Z6invokeIPvJRiS1_RfS2_S2_S2_S1_S2_S2_S1_S1_S1_EET_yDpOT0_
                0x000000092627d588      0x305 build/main.o
                0x000000092627d588                void* invoke<void*, int&, int&, float&, float&, float&, float&, int&, float&, float&, int&, int&, int&>(unsigned long long, int&, int&, float&, float&, float&, float&, int&, float&, float&, int&, int&, int&)
 .text._Z6invokeIPvJRiS1_S1_RfS1_S2_S2_S1_S1_S1_EET_yDpOT0_
                0x000000092627d88d      0x2cb build/main.o
                0x000000092627d88d                void* invoke<void*, int&, int&, int&, float&, int&, float&, float&, int&, int&, int&>(unsigned long long, int&, int&, int&, float&, int&, float&, float&, int&, int&, int&)
 .text._Z6invokeIiJRPcRiRP7Vector3EET_yDpOT0_
                0x000000092627db58      0x135 build/main.o
                0x000000092627db58                int invoke<int, char*&, int&, Vector3*&>(unsigned long long, char*&, int&, Vector3*&)
 .text._Z6invokeIfJRPcRiEET_yDpOT0_
                0x000000092627dc8d       0xfc build/main.o
                0x000000092627dc8d                float invoke<float, char*&, int&>(unsigned long long, char*&, int&)
 .text._Z6invokeIiJRPcRfS2_S2_RPiEET_yDpOT0_
                0x000000092627dd89      0x1a9 build/main.o
                0x000000092627dd89                int invoke<int, char*&, float&, float&, float&, int*&>(unsigned long long, char*&, float&, float&, float&, int*&)
 .text._Z6invokeIPvJRPiRiRfS4_EET_yDpOT0_
                0x000000092627df32      0x170 build/main.o
                0x000000092627df32                void* invoke<void*, int*&, int&, float&, float&>(unsigned long long, int*&, int&, float&, float&)
 .text._Z6invokeIPvJRiS1_RPcS1_S1_S1_S1_RfS1_S4_EET_yDpOT0_
                0x000000092627e0a2      0x2cd build/main.o
                0x000000092627e0a2                void* invoke<void*, int&, int&, char*&, int&, int&, int&, int&, float&, int&, float&>(unsigned long long, int&, int&, char*&, int&, int&, int&, int&, float&, int&, float&)
 .text._Z6invokeIPvJRiRPcRfS1_S3_S1_EET_yDpOT0_
                0x000000092627e36f      0x1df build/main.o
                0x000000092627e36f                void* invoke<void*, int&, char*&, float&, int&, char*&, int&>(unsigned long long, int&, char*&, float&, int&, char*&, int&)
 .text._Z6invokeIPvJRiRPcRfS4_S4_S4_S4_S4_S1_S4_S1_S3_S1_EET_yDpOT0_
                0x000000092627e54e      0x332 build/main.o
                0x000000092627e54e                void* invoke<void*, int&, char*&, float&, float&, float&, float&, float&, float&, int&, float&, int&, char*&, int&>(unsigned long long, int&, char*&, float&, float&, float&, float&, float&, float&, int&, float&, int&, char*&, int&)
 .text._Z6invokeIPvJRiRPcS1_EET_yDpOT0_
                0x000000092627e880      0x133 build/main.o
                0x000000092627e880                void* invoke<void*, int&, char*&, int&>(unsigned long long, int&, char*&, int&)
 .text._Z6invokeIPvJRiS1_RPcS3_RfS4_S1_S1_S4_S1_EET_yDpOT0_
                0x000000092627e9b3      0x2cf build/main.o
                0x000000092627e9b3                void* invoke<void*, int&, int&, char*&, char*&, float&, float&, int&, int&, float&, int&>(unsigned long long, int&, int&, char*&, char*&, float&, float&, int&, int&, float&, int&)
 .text._Z6invokeIPvJRiRPcS3_S3_S3_S1_S1_RfS4_EET_yDpOT0_
                0x000000092627ec82      0x282 build/main.o
                0x000000092627ec82                void* invoke<void*, int&, char*&, char*&, char*&, char*&, int&, int&, float&, float&>(unsigned long long, int&, char*&, char*&, char*&, char*&, int&, int&, float&, float&)
 .text._Z6invokeIPvJRiRPiS3_S3_S3_S1_RfS4_S4_S4_S4_EET_yDpOT0_
                0x000000092627ef04      0x306 build/main.o
                0x000000092627ef04                void* invoke<void*, int&, int*&, int*&, int*&, int*&, int&, float&, float&, float&, float&, float&>(unsigned long long, int&, int*&, int*&, int*&, int*&, int&, float&, float&, float&, float&, float&)
 .text._Z6invokeIPcJEET_yDpOT0_
                0x000000092627f20a       0x86 build/main.o
                0x000000092627f20a                char* invoke<char*>(unsigned long long)
 .text._Z6invokeIPvJRPcS2_EET_yDpOT0_
                0x000000092627f290       0xfe build/main.o
                0x000000092627f290                void* invoke<void*, char*&, char*&>(unsigned long long, char*&, char*&)
 .text._Z6invokeIiJRPiS1_RiS2_EET_yDpOT0_
                0x000000092627f38e      0x172 build/main.o
                0x000000092627f38e                int invoke<int, int*&, int*&, int&, int&>(unsigned long long, int*&, int*&, int&, int&)
 .text._Z6invokeIPvJRPcRfEET_yDpOT0_
                0x000000092627f500       0xfc build/main.o
                0x000000092627f500                void* invoke<void*, char*&, float&>(unsigned long long, char*&, float&)
 .text._Z6invokeIPvJRPiS2_RPfEET_yDpOT0_
                0x000000092627f5fc      0x137 build/main.o
                0x000000092627f5fc                void* invoke<void*, int*&, int*&, float*&>(unsigned long long, int*&, int*&, float*&)
 .text._Z6invokeIfJEET_yDpOT0_
                0x000000092627f733       0x86 build/main.o
                0x000000092627f733                float invoke<float>(unsigned long long)
 .text._Z6invokeI7Vector3JEET_yDpOT0_
                0x000000092627f7b9       0x96 build/main.o
                0x000000092627f7b9                Vector3 invoke<Vector3>(unsigned long long)
 .text._Z6invokeIfJRfS0_EET_yDpOT0_
                0x000000092627f84f       0xfa build/main.o
                0x000000092627f84f                float invoke<float, float&, float&>(unsigned long long, float&, float&)
 .text._Z6invokeIiJRfS0_S0_RPfRiEET_yDpOT0_
                0x000000092627f949      0x1a7 build/main.o
                0x000000092627f949                int invoke<int, float&, float&, float&, float*&, int&>(unsigned long long, float&, float&, float&, float*&, int&)
 .text._Z6invokeIiJRfS0_S0_RPfRP7Vector3EET_yDpOT0_
                0x000000092627faf0      0x1a9 build/main.o
                0x000000092627faf0                int invoke<int, float&, float&, float&, float*&, Vector3*&>(unsigned long long, float&, float&, float&, float*&, Vector3*&)
 .text._Z6invokeIfJRfEET_yDpOT0_
                0x000000092627fc99       0xbd build/main.o
                0x000000092627fc99                float invoke<float, float&>(unsigned long long, float&)
 .text._Z6invokeIfJRfS0_S0_S0_S0_S0_RiEET_yDpOT0_
                0x000000092627fd56      0x20e build/main.o
                0x000000092627fd56                float invoke<float, float&, float&, float&, float&, float&, float&, int&>(unsigned long long, float&, float&, float&, float&, float&, float&, int&)
 .text._Z6invokeIfJRfS0_S0_S0_EET_yDpOT0_
                0x000000092627ff64      0x16e build/main.o
                0x000000092627ff64                float invoke<float, float&, float&, float&, float&>(unsigned long long, float&, float&, float&, float&)
 .text._Z6invokeIfJRfS0_S0_S0_S0_S0_S0_S0_S0_RiEET_yDpOT0_
                0x00000009262800d2      0x2cb build/main.o
                0x00000009262800d2                float invoke<float, float&, float&, float&, float&, float&, float&, float&, float&, float&, int&>(unsigned long long, float&, float&, float&, float&, float&, float&, float&, float&, float&, int&)
 .text._Z6invokeI7Vector3JRfS1_S1_S1_S1_S1_S1_S1_S1_RiEET_yDpOT0_
                0x000000092628039d      0x2d7 build/main.o
                0x000000092628039d                Vector3 invoke<Vector3, float&, float&, float&, float&, float&, float&, float&, float&, float&, int&>(unsigned long long, float&, float&, float&, float&, float&, float&, float&, float&, float&, int&)
 .text._Z6invokeIiJRfS0_S0_S0_S0_S0_S0_S0_S0_S0_S0_S0_RPiEET_yDpOT0_
                0x0000000926280674      0x330 build/main.o
                0x0000000926280674                int invoke<int, float&, float&, float&, float&, float&, float&, float&, float&, float&, float&, float&, float&, int*&>(unsigned long long, float&, float&, float&, float&, float&, float&, float&, float&, float&, float&, float&, float&, int*&)
 .text._Z6invokeIPvJRfS1_S1_S1_S1_S1_S1_S1_S1_RPiS3_S3_S3_EET_yDpOT0_
                0x00000009262809a4      0x336 build/main.o
                0x00000009262809a4                void* invoke<void*, float&, float&, float&, float&, float&, float&, float&, float&, float&, int*&, int*&, int*&, int*&>(unsigned long long, float&, float&, float&, float&, float&, float&, float&, float&, float&, int*&, int*&, int*&, int*&)
 .text._Z6invokeIiJRfS0_S0_S0_S0_S0_RiS1_S1_S1_S1_S1_S1_EET_yDpOT0_
                0x0000000926280cda      0x32e build/main.o
                0x0000000926280cda                int invoke<int, float&, float&, float&, float&, float&, float&, int&, int&, int&, int&, int&, int&, int&>(unsigned long long, float&, float&, float&, float&, float&, float&, int&, int&, int&, int&, int&, int&, int&)
 .text._Z6invokeIiJRfS0_S0_S0_RiS1_S1_S1_S1_S1_S1_EET_yDpOT0_
                0x0000000926281008      0x2fe build/main.o
                0x0000000926281008                int invoke<int, float&, float&, float&, float&, int&, int&, int&, int&, int&, int&, int&>(unsigned long long, float&, float&, float&, float&, int&, int&, int&, int&, int&, int&, int&)
 .text._Z6invokeIPvJRfS1_S1_S1_RiS2_S2_S2_EET_yDpOT0_
                0x0000000926281306      0x247 build/main.o
                0x0000000926281306                void* invoke<void*, float&, float&, float&, float&, int&, int&, int&, int&>(unsigned long long, float&, float&, float&, float&, int&, int&, int&, int&)
 .text._Z6invokeIPvJRfS1_S1_S1_RiS2_S2_S2_S2_EET_yDpOT0_
                0x000000092628154d      0x27a build/main.o
                0x000000092628154d                void* invoke<void*, float&, float&, float&, float&, int&, int&, int&, int&, int&>(unsigned long long, float&, float&, float&, float&, int&, int&, int&, int&, int&)
 .text._Z6invokeIPvJRfS1_S1_S1_S1_S1_S1_RiS2_S2_S2_S2_EET_yDpOT0_
                0x00000009262817c7      0x305 build/main.o
                0x00000009262817c7                void* invoke<void*, float&, float&, float&, float&, float&, float&, float&, int&, int&, int&, int&, int&>(unsigned long long, float&, float&, float&, float&, float&, float&, float&, int&, int&, int&, int&, int&)
 .text._Z6invokeIiJRfS0_S0_S0_RPiRiS3_EET_yDpOT0_
                0x0000000926281acc      0x210 build/main.o
                0x0000000926281acc                int invoke<int, float&, float&, float&, float&, int*&, int&, int&>(unsigned long long, float&, float&, float&, float&, int*&, int&, int&)
 .text._Z6invokeIiJRiRfS1_S1_S1_S0_S1_S1_EET_yDpOT0_
                0x0000000926281cdc      0x247 build/main.o
                0x0000000926281cdc                int invoke<int, int&, float&, float&, float&, float&, int&, float&, float&>(unsigned long long, int&, float&, float&, float&, float&, int&, float&, float&)
 .text._Z6invokeIPvJRfS1_S1_S1_S1_S1_RiS2_S2_S2_S2_S2_S1_EET_yDpOT0_
                0x0000000926281f23      0x32e build/main.o
                0x0000000926281f23                void* invoke<void*, float&, float&, float&, float&, float&, float&, int&, int&, int&, int&, int&, int&, float&>(unsigned long long, float&, float&, float&, float&, float&, float&, int&, int&, int&, int&, int&, int&, float&)
 .text._Z6invokeIPvJRfS1_S1_S1_S1_S1_RiS2_S2_S2_S2_S2_S1_S2_EET_yDpOT0_
                0x0000000926282251      0x369 build/main.o
                0x0000000926282251                void* invoke<void*, float&, float&, float&, float&, float&, float&, int&, int&, int&, int&, int&, int&, float&, int&>(unsigned long long, float&, float&, float&, float&, float&, float&, int&, int&, int&, int&, int&, int&, float&, int&)
 .text._Z6invokeIPvJRfS1_S1_S1_S1_S1_RiS2_S2_S2_S2_S2_S1_S2_S2_S2_S2_S2_EET_yDpOT0_
                0x00000009262825ba      0x43d build/main.o
                0x00000009262825ba                void* invoke<void*, float&, float&, float&, float&, float&, float&, int&, int&, int&, int&, int&, int&, float&, int&, int&, int&, int&, int&>(unsigned long long, float&, float&, float&, float&, float&, float&, int&, int&, int&, int&, int&, int&, float&, int&, int&, int&, int&, int&)
 .text._Z6invokeIiJRPcS1_EET_yDpOT0_
                0x00000009262829f7       0xfe build/main.o
                0x00000009262829f7                int invoke<int, char*&, char*&>(unsigned long long, char*&, char*&)
 .text._Z6invokeIiJRPcS1_RiS2_EET_yDpOT0_
                0x0000000926282af5      0x172 build/main.o
                0x0000000926282af5                int invoke<int, char*&, char*&, int&, int&>(unsigned long long, char*&, char*&, int&, int&)
 .text._Z6invokeIiJRfS0_S0_S0_S0_S0_S0_RiS1_EET_yDpOT0_
                0x0000000926282c67      0x27a build/main.o
                0x0000000926282c67                int invoke<int, float&, float&, float&, float&, float&, float&, float&, int&, int&>(unsigned long long, float&, float&, float&, float&, float&, float&, float&, int&, int&)
 .text._Z6invokeIiJRfS0_S0_RiS0_S1_EET_yDpOT0_
                0x0000000926282ee1      0x1db build/main.o
                0x0000000926282ee1                int invoke<int, float&, float&, float&, int&, float&, int&>(unsigned long long, float&, float&, float&, int&, float&, int&)
 .text._Z6invokeIiJRfS0_S0_S0_S0_S0_RiRP7Vector3S1_EET_yDpOT0_
                0x00000009262830bc      0x27c build/main.o
                0x00000009262830bc                int invoke<int, float&, float&, float&, float&, float&, float&, int&, Vector3*&, int&>(unsigned long long, float&, float&, float&, float&, float&, float&, int&, Vector3*&, int&)
 .text._Z6invokeIiJRiS0_RfRP7Vector3S0_EET_yDpOT0_
                0x0000000926283338      0x1a7 build/main.o
                0x0000000926283338                int invoke<int, int&, int&, float&, Vector3*&, int&>(unsigned long long, int&, int&, float&, Vector3*&, int&)
 .text._Z6invokeIiJRiS0_RfRP7Vector3RPiS0_EET_yDpOT0_
                0x00000009262834df      0x1df build/main.o
                0x00000009262834df                int invoke<int, int&, int&, float&, Vector3*&, int*&, int&>(unsigned long long, int&, int&, float&, Vector3*&, int*&, int&)
 .text._Z6invokeIiJRfS0_S0_S0_S0_S0_S0_RiEET_yDpOT0_
                0x00000009262836be      0x247 build/main.o
                0x00000009262836be                int invoke<int, float&, float&, float&, float&, float&, float&, float&, int&>(unsigned long long, float&, float&, float&, float&, float&, float&, float&, int&)
 .text._Z6invokeIPvJRPiRiS3_S3_EET_yDpOT0_
                0x0000000926283905      0x170 build/main.o
                0x0000000926283905                void* invoke<void*, int*&, int&, int&, int&>(unsigned long long, int*&, int&, int&, int&)
 .text._Z6invokeIiJRfS0_S0_S0_S0_S0_S0_S0_S0_S0_S0_S0_S0_S0_S0_RiS1_EET_yDpOT0_
                0x0000000926283a75      0x402 build/main.o
                0x0000000926283a75                int invoke<int, float&, float&, float&, float&, float&, float&, float&, float&, float&, float&, float&, float&, float&, float&, float&, int&, int&>(unsigned long long, float&, float&, float&, float&, float&, float&, float&, float&, float&, float&, float&, float&, float&, float&, float&, int&, int&)
 .text._Z6invokeIiJRfS0_S0_S0_S0_S0_S0_S0_S0_S0_S0_S0_S0_S0_S0_S0_S0_RiS1_EET_yDpOT0_
                0x0000000926283e77      0x466 build/main.o
                0x0000000926283e77                int invoke<int, float&, float&, float&, float&, float&, float&, float&, float&, float&, float&, float&, float&, float&, float&, float&, float&, float&, int&, int&>(unsigned long long, float&, float&, float&, float&, float&, float&, float&, float&, float&, float&, float&, float&, float&, float&, float&, float&, float&, int&, int&)
 .text._Z6invokeIPvJRPiRiS3_EET_yDpOT0_
                0x00000009262842dd      0x133 build/main.o
                0x00000009262842dd                void* invoke<void*, int*&, int&, int&>(unsigned long long, int*&, int&, int&)
 .text._Z6invokeIPvJRPiRPcEET_yDpOT0_
                0x0000000926284410       0xfe build/main.o
                0x0000000926284410                void* invoke<void*, int*&, char*&>(unsigned long long, int*&, char*&)
 .text._Z6invokeIPvJRPiS2_EET_yDpOT0_
                0x000000092628450e       0xfe build/main.o
                0x000000092628450e                void* invoke<void*, int*&, int*&>(unsigned long long, int*&, int*&)
 .text._Z6invokeIPvJRPiRiRPcEET_yDpOT0_
                0x000000092628460c      0x135 build/main.o
                0x000000092628460c                void* invoke<void*, int*&, int&, char*&>(unsigned long long, int*&, int&, char*&)
 .text._Z6invokeIiJRiRfS1_S1_S0_S1_RPiEET_yDpOT0_
                0x0000000926284741      0x210 build/main.o
                0x0000000926284741                int invoke<int, int&, float&, float&, float&, int&, float&, int*&>(unsigned long long, int&, float&, float&, float&, int&, float&, int*&)
 .text._Z6invokeIiJRiS0_S0_RfRPiEET_yDpOT0_
                0x0000000926284951      0x1a7 build/main.o
                0x0000000926284951                int invoke<int, int&, int&, int&, float&, int*&>(unsigned long long, int&, int&, int&, float&, int*&)
 .text._Z6invokeIiJRfS0_S0_S0_S0_S0_S0_RP7Vector3EET_yDpOT0_
                0x0000000926284af8      0x249 build/main.o
                0x0000000926284af8                int invoke<int, float&, float&, float&, float&, float&, float&, float&, Vector3*&>(unsigned long long, float&, float&, float&, float&, float&, float&, float&, Vector3*&)
 .text._Z6invokeIPvJRiRPiS3_RfS4_S1_EET_yDpOT0_
                0x0000000926284d41      0x1df build/main.o
                0x0000000926284d41                void* invoke<void*, int&, int*&, int*&, float&, float&, int&>(unsigned long long, int&, int*&, int*&, float&, float&, int&)
 .text._Z6invokeIPvJRiRPcRPiS3_S3_S3_S3_S3_S3_S3_S3_S1_EET_yDpOT0_
                0x0000000926284f20      0x319 build/main.o
                0x0000000926284f20                void* invoke<void*, int&, char*&, int*&, char*&, char*&, char*&, char*&, char*&, char*&, char*&, char*&, int&>(unsigned long long, int&, char*&, int*&, char*&, char*&, char*&, char*&, char*&, char*&, char*&, char*&, int&)
 .text._Z6invokeIPvJRiRPcS3_S3_S3_S3_S3_S1_EET_yDpOT0_
                0x0000000926285239      0x253 build/main.o
                0x0000000926285239                void* invoke<void*, int&, char*&, char*&, char*&, char*&, char*&, char*&, int&>(unsigned long long, int&, char*&, char*&, char*&, char*&, char*&, char*&, int&)
 .text._Z6invokeIPvJRPcRiS3_EET_yDpOT0_
                0x000000092628548c      0x133 build/main.o
                0x000000092628548c                void* invoke<void*, char*&, int&, int&>(unsigned long long, char*&, int&, int&)
 .text._Z6invokeIPvJRiRPcS3_S1_S1_S1_S1_S1_S1_S1_S1_S1_S1_EET_yDpOT0_
                0x00000009262855bf      0x332 build/main.o
                0x00000009262855bf                void* invoke<void*, int&, char*&, char*&, int&, int&, int&, int&, int&, int&, int&, int&, int&, int&>(unsigned long long, int&, char*&, char*&, int&, int&, int&, int&, int&, int&, int&, int&, int&, int&)
 .text._Z6invokeIPvJRiRfS2_S2_S2_S2_S2_S2_S2_S2_EET_yDpOT0_
                0x00000009262858f1      0x2cb build/main.o
                0x00000009262858f1                void* invoke<void*, int&, float&, float&, float&, float&, float&, float&, float&, float&, float&>(unsigned long long, int&, float&, float&, float&, float&, float&, float&, float&, float&, float&)
 .text._Z6invokeIPvJRiRPcS3_S1_S1_S1_EET_yDpOT0_
                0x0000000926285bbc      0x1df build/main.o
                0x0000000926285bbc                void* invoke<void*, int&, char*&, char*&, int&, int&, int&>(unsigned long long, int&, char*&, char*&, int&, int&, int&)
 .text._Z6invokeIPvJRiRPcS3_S1_EET_yDpOT0_
                0x0000000926285d9b      0x172 build/main.o
                0x0000000926285d9b                void* invoke<void*, int&, char*&, char*&, int&>(unsigned long long, int&, char*&, char*&, int&)
 .text._Z6invokeIPvJRiRPcS1_S3_S1_S1_EET_yDpOT0_
                0x0000000926285f0d      0x1df build/main.o
                0x0000000926285f0d                void* invoke<void*, int&, char*&, int&, char*&, int&, int&>(unsigned long long, int&, char*&, int&, char*&, int&, int&)
 .text._Z6invokeIPvJRiRPcRfS4_S4_S3_S1_S1_S1_EET_yDpOT0_
                0x00000009262860ec      0x27e build/main.o
                0x00000009262860ec                void* invoke<void*, int&, char*&, float&, float&, float&, char*&, int&, int&, int&>(unsigned long long, int&, char*&, float&, float&, float&, char*&, int&, int&, int&)
 .text._Z6invokeIPvJRiRPcS3_S3_S1_EET_yDpOT0_
                0x000000092628636a      0x1ab build/main.o
                0x000000092628636a                void* invoke<void*, int&, char*&, char*&, char*&, int&>(unsigned long long, int&, char*&, char*&, char*&, int&)
 .text._Z6invokeIPvJRPcS2_RfS3_S3_S2_EET_yDpOT0_
                0x0000000926286515      0x1e1 build/main.o
                0x0000000926286515                void* invoke<void*, char*&, char*&, float&, float&, float&, char*&>(unsigned long long, char*&, char*&, float&, float&, float&, char*&)
 .text._Z6invokeIiJRiRPcS0_EET_yDpOT0_
                0x00000009262866f6      0x133 build/main.o
                0x00000009262866f6                int invoke<int, int&, char*&, int&>(unsigned long long, int&, char*&, int&)
 .text._Z6invokeIPvJRPcS2_RiEET_yDpOT0_
                0x0000000926286829      0x135 build/main.o
                0x0000000926286829                void* invoke<void*, char*&, char*&, int&>(unsigned long long, char*&, char*&, int&)
 .text._Z6invokeIiJRPcRfEET_yDpOT0_
                0x000000092628695e       0xfc build/main.o
                0x000000092628695e                int invoke<int, char*&, float&>(unsigned long long, char*&, float&)
 .text._Z6invokeIiJRPcRiS1_EET_yDpOT0_
                0x0000000926286a5a      0x135 build/main.o
                0x0000000926286a5a                int invoke<int, char*&, int&, char*&>(unsigned long long, char*&, int&, char*&)
 .text._Z6invokeIPvJRPcS2_RfEET_yDpOT0_
                0x0000000926286b8f      0x135 build/main.o
                0x0000000926286b8f                void* invoke<void*, char*&, char*&, float&>(unsigned long long, char*&, char*&, float&)
 .text._Z6invokeIPvJRPiRfS3_S3_EET_yDpOT0_
                0x0000000926286cc4      0x170 build/main.o
                0x0000000926286cc4                void* invoke<void*, int*&, float&, float&, float&>(unsigned long long, int*&, float&, float&, float&)
 .text._Z6invokeIPvJRiS1_S1_S1_S1_S1_S1_EET_yDpOT0_
                0x0000000926286e34      0x20e build/main.o
                0x0000000926286e34                void* invoke<void*, int&, int&, int&, int&, int&, int&, int&>(unsigned long long, int&, int&, int&, int&, int&, int&, int&)
 .text._Z6invokeIPvJRPcRiS3_S3_S3_EET_yDpOT0_
                0x0000000926287042      0x1a7 build/main.o
                0x0000000926287042                void* invoke<void*, char*&, int&, int&, int&, int&>(unsigned long long, char*&, int&, int&, int&, int&)
 .text._Z6invokeIiJRfS0_S0_RPcEET_yDpOT0_
                0x00000009262871e9      0x170 build/main.o
                0x00000009262871e9                int invoke<int, float&, float&, float&, char*&>(unsigned long long, float&, float&, float&, char*&)
 .text._Z6invokeIiJRfS0_S0_RiEET_yDpOT0_
                0x0000000926287359      0x16e build/main.o
                0x0000000926287359                int invoke<int, float&, float&, float&, int&>(unsigned long long, float&, float&, float&, int&)
 .text._Z6invokeIiJRPcRfS2_S2_S2_S2_S2_S2_RiS3_EET_yDpOT0_
                0x00000009262874c7      0x2cd build/main.o
                0x00000009262874c7                int invoke<int, char*&, float&, float&, float&, float&, float&, float&, float&, int&, int&>(unsigned long long, char*&, float&, float&, float&, float&, float&, float&, float&, int&, int&)
 .text._Z6invokeIiJRiRfS1_S1_S1_S1_S1_S1_S0_S0_EET_yDpOT0_
                0x0000000926287794      0x2cb build/main.o
                0x0000000926287794                int invoke<int, int&, float&, float&, float&, float&, float&, float&, float&, int&, int&>(unsigned long long, int&, float&, float&, float&, float&, float&, float&, float&, int&, int&)
 .text._Z6invokeIPvJRiRfS2_S2_S2_S2_S2_S2_S1_S1_S1_S1_EET_yDpOT0_
                0x0000000926287a5f      0x305 build/main.o
                0x0000000926287a5f                void* invoke<void*, int&, float&, float&, float&, float&, float&, float&, float&, int&, int&, int&, int&>(unsigned long long, int&, float&, float&, float&, float&, float&, float&, float&, int&, int&, int&, int&)
 .text._Z6invokeIPvJRiRfS2_S2_S2_S2_S2_S1_S1_S1_EET_yDpOT0_
                0x0000000926287d64      0x2cb build/main.o
                0x0000000926287d64                void* invoke<void*, int&, float&, float&, float&, float&, float&, float&, int&, int&, int&>(unsigned long long, int&, float&, float&, float&, float&, float&, float&, int&, int&, int&)
 .text._Z6invokeIPvJRiRPcS3_S3_RfEET_yDpOT0_
                0x000000092628802f      0x1ab build/main.o
                0x000000092628802f                void* invoke<void*, int&, char*&, char*&, char*&, float&>(unsigned long long, int&, char*&, char*&, char*&, float&)
 .text._Z6invokeIPvJRPcS2_S2_RfEET_yDpOT0_
                0x00000009262881da      0x174 build/main.o
                0x00000009262881da                void* invoke<void*, char*&, char*&, char*&, float&>(unsigned long long, char*&, char*&, char*&, float&)
 .text._Z6invokeIiJRiRPcS2_RfS3_S3_S3_S3_S3_S0_S0_EET_yDpOT0_
                0x000000092628834e      0x302 build/main.o
                0x000000092628834e                int invoke<int, int&, char*&, char*&, float&, float&, float&, float&, float&, float&, int&, int&>(unsigned long long, int&, char*&, char*&, float&, float&, float&, float&, float&, float&, int&, int&)
 .text._Z6invokeIiJRiS0_RPcS2_EET_yDpOT0_
                0x0000000926288650      0x172 build/main.o
                0x0000000926288650                int invoke<int, int&, int&, char*&, char*&>(unsigned long long, int&, int&, char*&, char*&)
 .text._Z6invokeIPvJRfS1_S1_RiS2_S2_S2_EET_yDpOT0_
                0x00000009262887c2      0x20e build/main.o
                0x00000009262887c2                void* invoke<void*, float&, float&, float&, int&, int&, int&, int&>(unsigned long long, float&, float&, float&, int&, int&, int&, int&)
 .text._Z6invokeIPvJRiRfS2_S2_S1_S1_S1_S1_S1_EET_yDpOT0_
                0x00000009262889d0      0x27a build/main.o
                0x00000009262889d0                void* invoke<void*, int&, float&, float&, float&, int&, int&, int&, int&, int&>(unsigned long long, int&, float&, float&, float&, int&, int&, int&, int&, int&)
 .text._Z6invokeIiJRfRiS0_S0_S0_S0_S0_S1_S1_EET_yDpOT0_
                0x0000000926288c4a      0x27a build/main.o
                0x0000000926288c4a                int invoke<int, float&, int&, float&, float&, float&, float&, float&, int&, int&>(unsigned long long, float&, int&, float&, float&, float&, float&, float&, int&, int&)
 .text._Z6invokeIiJRiS0_RPiEET_yDpOT0_
                0x0000000926288ec4      0x133 build/main.o
                0x0000000926288ec4                int invoke<int, int&, int&, int*&>(unsigned long long, int&, int&, int*&)
 .text._Z6invokeIiJRiRP7Vector3EET_yDpOT0_
                0x0000000926288ff7       0xfc build/main.o
                0x0000000926288ff7                int invoke<int, int&, Vector3*&>(unsigned long long, int&, Vector3*&)
 .text._Z6invokeIiJRiS0_RfS1_S1_S0_S1_S0_EET_yDpOT0_
                0x00000009262890f3      0x247 build/main.o
                0x00000009262890f3                int invoke<int, int&, int&, float&, float&, float&, int&, float&, int&>(unsigned long long, int&, int&, float&, float&, float&, int&, float&, int&)
 .text._Z6invokeIiJRfEET_yDpOT0_
                0x000000092628933a       0xbd build/main.o
                0x000000092628933a                int invoke<int, float&>(unsigned long long, float&)
 .text._Z6invokeIP7Vector3JEET_yDpOT0_
                0x00000009262893f7       0x86 build/main.o
                0x00000009262893f7                Vector3* invoke<Vector3*>(unsigned long long)
 .text._Z6invokeIPvJRfS1_S1_S1_S1_S1_S1_S1_RiEET_yDpOT0_
                0x000000092628947d      0x27a build/main.o